  Determining projects to restore...
C:\Users\Admin\source\repos\CommunicationHub\CommunicationHub.Infrastructure\CommunicationHub.Infrastructure.csproj : warning NU1902: Package 'MimeKit' 4.8.0 has a known moderate severity vulnerability, https://github.com/advisories/GHSA-g7hc-96xr-gvvx [C:\Users\Admin\source\repos\CommunicationHub\CommunicationHub.API\CommunicationHub.API.csproj]
C:\Users\Admin\source\repos\CommunicationHub\CommunicationHub.API\CommunicationHub.API.csproj : warning NU1902: Package 'MimeKit' 4.8.0 has a known moderate severity vulnerability, https://github.com/advisories/GHSA-g7hc-96xr-gvvx
  All projects are up-to-date for restore.
C:\Program Files\dotnet\sdk\10.0.201\Microsoft.Common.CurrentVersion.targets(5951,5): warning MSB3061: Unable to delete file "C:\Users\Admin\source\repos\CommunicationHub\CommunicationHub.API\bin\Debug\net10.0\CommunicationHub.API.exe". Access to the path 'C:\Users\Admin\source\repos\CommunicationHub\CommunicationHub.API\bin\Debug\net10.0\CommunicationHub.API.exe' is denied. The file is locked by: "CommunicationHub.API (34596)" [C:\Users\Admin\source\repos\CommunicationHub\CommunicationHub.API\CommunicationHub.API.csproj]
C:\Program Files\dotnet\sdk\10.0.201\Microsoft.Common.CurrentVersion.targets(5951,5): warning MSB3061: Unable to delete file "C:\Users\Admin\source\repos\CommunicationHub\CommunicationHub.API\bin\Debug\net10.0\CommunicationHub.API.dll". Access to the path 'C:\Users\Admin\source\repos\CommunicationHub\CommunicationHub.API\bin\Debug\net10.0\CommunicationHub.API.dll' is denied. The file is locked by: "CommunicationHub.API (34596)" [C:\Users\Admin\source\repos\CommunicationHub\CommunicationHub.API\CommunicationHub.API.csproj]
C:\Program Files\dotnet\sdk\10.0.201\Microsoft.Common.CurrentVersion.targets(5951,5): warning MSB3061: Unable to delete file "C:\Users\Admin\source\repos\CommunicationHub\CommunicationHub.API\bin\Debug\net10.0\Microsoft.AspNetCore.OpenApi.dll". Access to the path 'C:\Users\Admin\source\repos\CommunicationHub\CommunicationHub.API\bin\Debug\net10.0\Microsoft.AspNetCore.OpenApi.dll' is denied. The file is locked by: "CommunicationHub.API (34596)" [C:\Users\Admin\source\repos\CommunicationHub\CommunicationHub.API\CommunicationHub.API.csproj]
C:\Program Files\dotnet\sdk\10.0.201\Microsoft.Common.CurrentVersion.targets(5951,5): warning MSB3061: Unable to delete file "C:\Users\Admin\source\repos\CommunicationHub\CommunicationHub.API\bin\Debug\net10.0\Microsoft.OpenApi.dll". Access to the path 'C:\Users\Admin\source\repos\CommunicationHub\CommunicationHub.API\bin\Debug\net10.0\Microsoft.OpenApi.dll' is denied. The file is locked by: "CommunicationHub.API (34596)" [C:\Users\Admin\source\repos\CommunicationHub\CommunicationHub.API\CommunicationHub.API.csproj]
C:\Program Files\dotnet\sdk\10.0.201\Microsoft.Common.CurrentVersion.targets(5951,5): warning MSB3061: Unable to delete file "C:\Users\Admin\source\repos\CommunicationHub\CommunicationHub.API\bin\Debug\net10.0\Microsoft.EntityFrameworkCore.dll". Access to the path 'C:\Users\Admin\source\repos\CommunicationHub\CommunicationHub.API\bin\Debug\net10.0\Microsoft.EntityFrameworkCore.dll' is denied. The file is locked by: "CommunicationHub.API (34596)" [C:\Users\Admin\source\repos\CommunicationHub\CommunicationHub.API\CommunicationHub.API.csproj]
C:\Program Files\dotnet\sdk\10.0.201\Microsoft.Common.CurrentVersion.targets(5951,5): warning MSB3061: Unable to delete file "C:\Users\Admin\source\repos\CommunicationHub\CommunicationHub.API\bin\Debug\net10.0\Microsoft.EntityFrameworkCore.Abstractions.dll". Access to the path 'C:\Users\Admin\source\repos\CommunicationHub\CommunicationHub.API\bin\Debug\net10.0\Microsoft.EntityFrameworkCore.Abstractions.dll' is denied. The file is locked by: "CommunicationHub.API (34596)" [C:\Users\Admin\source\repos\CommunicationHub\CommunicationHub.API\CommunicationHub.API.csproj]
C:\Program Files\dotnet\sdk\10.0.201\Microsoft.Common.CurrentVersion.targets(5951,5): warning MSB3061: Unable to delete file "C:\Users\Admin\source\repos\CommunicationHub\CommunicationHub.API\bin\Debug\net10.0\Microsoft.EntityFrameworkCore.Relational.dll". Access to the path 'C:\Users\Admin\source\repos\CommunicationHub\CommunicationHub.API\bin\Debug\net10.0\Microsoft.EntityFrameworkCore.Relational.dll' is denied. The file is locked by: "CommunicationHub.API (34596)" [C:\Users\Admin\source\repos\CommunicationHub\CommunicationHub.API\CommunicationHub.API.csproj]
C:\Program Files\dotnet\sdk\10.0.201\Microsoft.Common.CurrentVersion.targets(5951,5): warning MSB3061: Unable to delete file "C:\Users\Admin\source\repos\CommunicationHub\CommunicationHub.API\bin\Debug\net10.0\Microsoft.EntityFrameworkCore.SqlServer.dll". Access to the path 'C:\Users\Admin\source\repos\CommunicationHub\CommunicationHub.API\bin\Debug\net10.0\Microsoft.EntityFrameworkCore.SqlServer.dll' is denied. The file is locked by: "CommunicationHub.API (34596)" [C:\Users\Admin\source\repos\CommunicationHub\CommunicationHub.API\CommunicationHub.API.csproj]
C:\Program Files\dotnet\sdk\10.0.201\Microsoft.Common.CurrentVersion.targets(5951,5): warning MSB3061: Unable to delete file "C:\Users\Admin\source\repos\CommunicationHub\CommunicationHub.API\bin\Debug\net10.0\Microsoft.IdentityModel.Abstractions.dll". Access to the path 'C:\Users\Admin\source\repos\CommunicationHub\CommunicationHub.API\bin\Debug\net10.0\Microsoft.IdentityModel.Abstractions.dll' is denied. The file is locked by: "CommunicationHub.API (34596)" [C:\Users\Admin\source\repos\CommunicationHub\CommunicationHub.API\CommunicationHub.API.csproj]
C:\Program Files\dotnet\sdk\10.0.201\Microsoft.Common.CurrentVersion.targets(5951,5): warning MSB3061: Unable to delete file "C:\Users\Admin\source\repos\CommunicationHub\CommunicationHub.API\bin\Debug\net10.0\Microsoft.IdentityModel.JsonWebTokens.dll". Access to the path 'C:\Users\Admin\source\repos\CommunicationHub\CommunicationHub.API\bin\Debug\net10.0\Microsoft.IdentityModel.JsonWebTokens.dll' is denied. The file is locked by: "CommunicationHub.API (34596)" [C:\Users\Admin\source\repos\CommunicationHub\CommunicationHub.API\CommunicationHub.API.csproj]
C:\Program Files\dotnet\sdk\10.0.201\Microsoft.Common.CurrentVersion.targets(5951,5): warning MSB3061: Unable to delete file "C:\Users\Admin\source\repos\CommunicationHub\CommunicationHub.API\bin\Debug\net10.0\Microsoft.IdentityModel.Logging.dll". Access to the path 'C:\Users\Admin\source\repos\CommunicationHub\CommunicationHub.API\bin\Debug\net10.0\Microsoft.IdentityModel.Logging.dll' is denied. The file is locked by: "CommunicationHub.API (34596)" [C:\Users\Admin\source\repos\CommunicationHub\CommunicationHub.API\CommunicationHub.API.csproj]
C:\Program Files\dotnet\sdk\10.0.201\Microsoft.Common.CurrentVersion.targets(5951,5): warning MSB3061: Unable to delete file "C:\Users\Admin\source\repos\CommunicationHub\CommunicationHub.API\bin\Debug\net10.0\Microsoft.IdentityModel.Protocols.dll". Access to the path 'C:\Users\Admin\source\repos\CommunicationHub\CommunicationHub.API\bin\Debug\net10.0\Microsoft.IdentityModel.Protocols.dll' is denied. The file is locked by: "CommunicationHub.API (34596)" [C:\Users\Admin\source\repos\CommunicationHub\CommunicationHub.API\CommunicationHub.API.csproj]
C:\Program Files\dotnet\sdk\10.0.201\Microsoft.Common.CurrentVersion.targets(5951,5): warning MSB3061: Unable to delete file "C:\Users\Admin\source\repos\CommunicationHub\CommunicationHub.API\bin\Debug\net10.0\Microsoft.IdentityModel.Protocols.OpenIdConnect.dll". Access to the path 'C:\Users\Admin\source\repos\CommunicationHub\CommunicationHub.API\bin\Debug\net10.0\Microsoft.IdentityModel.Protocols.OpenIdConnect.dll' is denied. The file is locked by: "CommunicationHub.API (34596)" [C:\Users\Admin\source\repos\CommunicationHub\CommunicationHub.API\CommunicationHub.API.csproj]
C:\Program Files\dotnet\sdk\10.0.201\Microsoft.Common.CurrentVersion.targets(5951,5): warning MSB3061: Unable to delete file "C:\Users\Admin\source\repos\CommunicationHub\CommunicationHub.API\bin\Debug\net10.0\Microsoft.IdentityModel.Tokens.dll". Access to the path 'C:\Users\Admin\source\repos\CommunicationHub\CommunicationHub.API\bin\Debug\net10.0\Microsoft.IdentityModel.Tokens.dll' is denied. The file is locked by: "CommunicationHub.API (34596)" [C:\Users\Admin\source\repos\CommunicationHub\CommunicationHub.API\CommunicationHub.API.csproj]
C:\Program Files\dotnet\sdk\10.0.201\Microsoft.Common.CurrentVersion.targets(5951,5): warning MSB3061: Unable to delete file "C:\Users\Admin\source\repos\CommunicationHub\CommunicationHub.API\bin\Debug\net10.0\Microsoft.SqlServer.Server.dll". Access to the path 'C:\Users\Admin\source\repos\CommunicationHub\CommunicationHub.API\bin\Debug\net10.0\Microsoft.SqlServer.Server.dll' is denied. The file is locked by: "CommunicationHub.API (34596)" [C:\Users\Admin\source\repos\CommunicationHub\CommunicationHub.API\CommunicationHub.API.csproj]
C:\Program Files\dotnet\sdk\10.0.201\Microsoft.Common.CurrentVersion.targets(5951,5): warning MSB3061: Unable to delete file "C:\Users\Admin\source\repos\CommunicationHub\CommunicationHub.API\bin\Debug\net10.0\System.Configuration.ConfigurationManager.dll". Access to the path 'C:\Users\Admin\source\repos\CommunicationHub\CommunicationHub.API\bin\Debug\net10.0\System.Configuration.ConfigurationManager.dll' is denied. The file is locked by: "CommunicationHub.API (34596)" [C:\Users\Admin\source\repos\CommunicationHub\CommunicationHub.API\CommunicationHub.API.csproj]
C:\Program Files\dotnet\sdk\10.0.201\Microsoft.Common.CurrentVersion.targets(5951,5): warning MSB3061: Unable to delete file "C:\Users\Admin\source\repos\CommunicationHub\CommunicationHub.API\bin\Debug\net10.0\System.IdentityModel.Tokens.Jwt.dll". Access to the path 'C:\Users\Admin\source\repos\CommunicationHub\CommunicationHub.API\bin\Debug\net10.0\System.IdentityModel.Tokens.Jwt.dll' is denied. The file is locked by: "CommunicationHub.API (34596)" [C:\Users\Admin\source\repos\CommunicationHub\CommunicationHub.API\CommunicationHub.API.csproj]
C:\Program Files\dotnet\sdk\10.0.201\Microsoft.Common.CurrentVersion.targets(5951,5): warning MSB3061: Unable to delete file "C:\Users\Admin\source\repos\CommunicationHub\CommunicationHub.API\bin\Debug\net10.0\runtimes\win\lib\net9.0\Microsoft.Data.SqlClient.dll". Access to the path 'C:\Users\Admin\source\repos\CommunicationHub\CommunicationHub.API\bin\Debug\net10.0\runtimes\win\lib\net9.0\Microsoft.Data.SqlClient.dll' is denied. The file is locked by: "CommunicationHub.API (34596)" [C:\Users\Admin\source\repos\CommunicationHub\CommunicationHub.API\CommunicationHub.API.csproj]
C:\Program Files\dotnet\sdk\10.0.201\Microsoft.Common.CurrentVersion.targets(5951,5): warning MSB3061: Unable to delete file "C:\Users\Admin\source\repos\CommunicationHub\CommunicationHub.API\bin\Debug\net10.0\runtimes\win-x64\native\Microsoft.Data.SqlClient.SNI.dll". Access to the path 'C:\Users\Admin\source\repos\CommunicationHub\CommunicationHub.API\bin\Debug\net10.0\runtimes\win-x64\native\Microsoft.Data.SqlClient.SNI.dll' is denied. The file is locked by: "CommunicationHub.API (34596)" [C:\Users\Admin\source\repos\CommunicationHub\CommunicationHub.API\CommunicationHub.API.csproj]
C:\Program Files\dotnet\sdk\10.0.201\Microsoft.Common.CurrentVersion.targets(5951,5): warning MSB3061: Unable to delete file "C:\Users\Admin\source\repos\CommunicationHub\CommunicationHub.API\bin\Debug\net10.0\CommunicationHub.Application.dll". Access to the path 'C:\Users\Admin\source\repos\CommunicationHub\CommunicationHub.API\bin\Debug\net10.0\CommunicationHub.Application.dll' is denied. The file is locked by: "CommunicationHub.API (34596)" [C:\Users\Admin\source\repos\CommunicationHub\CommunicationHub.API\CommunicationHub.API.csproj]
C:\Program Files\dotnet\sdk\10.0.201\Microsoft.Common.CurrentVersion.targets(5951,5): warning MSB3061: Unable to delete file "C:\Users\Admin\source\repos\CommunicationHub\CommunicationHub.API\bin\Debug\net10.0\CommunicationHub.Domain.dll". Access to the path 'C:\Users\Admin\source\repos\CommunicationHub\CommunicationHub.API\bin\Debug\net10.0\CommunicationHub.Domain.dll' is denied. The file is locked by: "CommunicationHub.API (34596)" [C:\Users\Admin\source\repos\CommunicationHub\CommunicationHub.API\CommunicationHub.API.csproj]
C:\Program Files\dotnet\sdk\10.0.201\Microsoft.Common.CurrentVersion.targets(5951,5): warning MSB3061: Unable to delete file "C:\Users\Admin\source\repos\CommunicationHub\CommunicationHub.API\bin\Debug\net10.0\CommunicationHub.Infrastructure.dll". Access to the path 'C:\Users\Admin\source\repos\CommunicationHub\CommunicationHub.API\bin\Debug\net10.0\CommunicationHub.Infrastructure.dll' is denied. The file is locked by: "CommunicationHub.API (34596)" [C:\Users\Admin\source\repos\CommunicationHub\CommunicationHub.API\CommunicationHub.API.csproj]
C:\Program Files\dotnet\sdk\10.0.201\Microsoft.Common.CurrentVersion.targets(5951,5): warning MSB3061: Unable to delete file "C:\Users\Admin\source\repos\CommunicationHub\CommunicationHub.API\bin\Debug\net10.0\BCrypt.Net-Next.dll". Access to the path 'C:\Users\Admin\source\repos\CommunicationHub\CommunicationHub.API\bin\Debug\net10.0\BCrypt.Net-Next.dll' is denied. The file is locked by: "CommunicationHub.API (34596)" [C:\Users\Admin\source\repos\CommunicationHub\CommunicationHub.API\CommunicationHub.API.csproj]
C:\Program Files\dotnet\sdk\10.0.201\Microsoft.Common.CurrentVersion.targets(5951,5): warning MSB3061: Unable to delete file "C:\Users\Admin\source\repos\CommunicationHub\CommunicationHub.API\bin\Debug\net10.0\Microsoft.AspNetCore.Authentication.JwtBearer.dll". Access to the path 'C:\Users\Admin\source\repos\CommunicationHub\CommunicationHub.API\bin\Debug\net10.0\Microsoft.AspNetCore.Authentication.JwtBearer.dll' is denied. The file is locked by: "CommunicationHub.API (34596)" [C:\Users\Admin\source\repos\CommunicationHub\CommunicationHub.API\CommunicationHub.API.csproj]
C:\Program Files\dotnet\sdk\10.0.201\Microsoft.Common.CurrentVersion.targets(5951,5): warning MSB3061: Unable to delete file "C:\Users\Admin\source\repos\CommunicationHub\CommunicationHub.API\bin\Debug\net10.0\Twilio.dll". Access to the path 'C:\Users\Admin\source\repos\CommunicationHub\CommunicationHub.API\bin\Debug\net10.0\Twilio.dll' is denied. The file is locked by: "CommunicationHub.API (34596)" [C:\Users\Admin\source\repos\CommunicationHub\CommunicationHub.API\CommunicationHub.API.csproj]
C:\Program Files\dotnet\sdk\10.0.201\Microsoft.Common.CurrentVersion.targets(5951,5): warning MSB3061: Unable to delete file "C:\Users\Admin\source\repos\CommunicationHub\CommunicationHub.API\bin\Debug\net10.0\MailKit.dll". Access to the path 'C:\Users\Admin\source\repos\CommunicationHub\CommunicationHub.API\bin\Debug\net10.0\MailKit.dll' is denied. The file is locked by: "CommunicationHub.API (34596)" [C:\Users\Admin\source\repos\CommunicationHub\CommunicationHub.API\CommunicationHub.API.csproj]
C:\Program Files\dotnet\sdk\10.0.201\Microsoft.Common.CurrentVersion.targets(5951,5): warning MSB3061: Unable to delete file "C:\Users\Admin\source\repos\CommunicationHub\CommunicationHub.API\bin\Debug\net10.0\MimeKit.dll". Access to the path 'C:\Users\Admin\source\repos\CommunicationHub\CommunicationHub.API\bin\Debug\net10.0\MimeKit.dll' is denied. The file is locked by: "CommunicationHub.API (34596)" [C:\Users\Admin\source\repos\CommunicationHub\CommunicationHub.API\CommunicationHub.API.csproj]
C:\Users\Admin\source\repos\CommunicationHub\CommunicationHub.API\CommunicationHub.API.csproj : warning NU1902: Package 'MimeKit' 4.8.0 has a known moderate severity vulnerability, https://github.com/advisories/GHSA-g7hc-96xr-gvvx
  CommunicationHub.Domain -> C:\Users\Admin\source\repos\CommunicationHub\CommunicationHub.Domain\bin\Debug\net10.0\CommunicationHub.Domain.dll
  CommunicationHub.Application -> C:\Users\Admin\source\repos\CommunicationHub\CommunicationHub.Application\bin\Debug\net10.0\CommunicationHub.Application.dll
C:\Users\Admin\source\repos\CommunicationHub\CommunicationHub.Infrastructure\Data\CommunicationHubDbContext.cs(34,10): warning CS1030: #warning: 'To protect potentially sensitive information in your connection string, you should move it out of source code. You can avoid scaffolding the connection string by using the Name= syntax to read it from configuration - see https://go.microsoft.com/fwlink/?linkid=2131148. For more guidance on storing connection strings, see https://go.microsoft.com/fwlink/?LinkId=723263.' [C:\Users\Admin\source\repos\CommunicationHub\CommunicationHub.Infrastructure\CommunicationHub.Infrastructure.csproj]
C:\Users\Admin\source\repos\CommunicationHub\CommunicationHub.Infrastructure\Services\CommunicationService.cs(168,17): warning CS8604: Possible null reference argument for parameter 'to' in 'Task<(bool Sent, Guid CommunicationId)> IEmailService.SendEmailAsync(int claimId, int partyId, string to, string subject, string body, int adjusterId, CancellationToken cancellationToken = default(CancellationToken))'. [C:\Users\Admin\source\repos\CommunicationHub\CommunicationHub.Infrastructure\CommunicationHub.Infrastructure.csproj]
C:\Users\Admin\source\repos\CommunicationHub\CommunicationHub.Infrastructure\Services\CommunicationService.cs(170,17): warning CS8604: Possible null reference argument for parameter 'body' in 'Task<(bool Sent, Guid CommunicationId)> IEmailService.SendEmailAsync(int claimId, int partyId, string to, string subject, string body, int adjusterId, CancellationToken cancellationToken = default(CancellationToken))'. [C:\Users\Admin\source\repos\CommunicationHub\CommunicationHub.Infrastructure\CommunicationHub.Infrastructure.csproj]
C:\Users\Admin\source\repos\CommunicationHub\CommunicationHub.Infrastructure\Services\CommunicationService.cs(184,57): warning CS8604: Possible null reference argument for parameter 'to' in 'Task<bool> ISmsService.SendSmsAsync(string to, string message)'. [C:\Users\Admin\source\repos\CommunicationHub\CommunicationHub.Infrastructure\CommunicationHub.Infrastructure.csproj]
C:\Users\Admin\source\repos\CommunicationHub\CommunicationHub.Infrastructure\Services\CommunicationService.cs(184,69): warning CS8604: Possible null reference argument for parameter 'message' in 'Task<bool> ISmsService.SendSmsAsync(string to, string message)'. [C:\Users\Admin\source\repos\CommunicationHub\CommunicationHub.Infrastructure\CommunicationHub.Infrastructure.csproj]
  CommunicationHub.Infrastructure -> C:\Users\Admin\source\repos\CommunicationHub\CommunicationHub.Infrastructure\bin\Debug\net10.0\CommunicationHub.Infrastructure.dll
C:\Users\Admin\source\repos\CommunicationHub\CommunicationHub.API\Controllers\ClaimsController.cs(29,36): warning CS0436: The type 'ClaimDetailsDto' in 'C:\Users\Admin\source\repos\CommunicationHub\CommunicationHub.API\DTOs\ClaimDetailsDto.cs' conflicts with the imported type 'ClaimDetailsDto' in 'CommunicationHub.Application, Version=1.0.0.0, Culture=neutral, PublicKeyToken=null'. Using the type defined in 'C:\Users\Admin\source\repos\CommunicationHub\CommunicationHub.API\DTOs\ClaimDetailsDto.cs'. [C:\Users\Admin\source\repos\CommunicationHub\CommunicationHub.API\CommunicationHub.API.csproj]
C:\Users\Admin\source\repos\CommunicationHub\CommunicationHub.API\DTOs\ClaimDetailsDto.cs(14,17): warning CS0436: The type 'InvolvedPartyDto' in 'C:\Users\Admin\source\repos\CommunicationHub\CommunicationHub.API\DTOs\ClaimDetailsDto.cs' conflicts with the imported type 'InvolvedPartyDto' in 'CommunicationHub.Application, Version=1.0.0.0, Culture=neutral, PublicKeyToken=null'. Using the type defined in 'C:\Users\Admin\source\repos\CommunicationHub\CommunicationHub.API\DTOs\ClaimDetailsDto.cs'. [C:\Users\Admin\source\repos\CommunicationHub\CommunicationHub.API\CommunicationHub.API.csproj]
C:\Users\Admin\source\repos\CommunicationHub\CommunicationHub.API\Controllers\ClaimsController.cs(50,41): warning CS0436: The type 'InvolvedPartyDto' in 'C:\Users\Admin\source\repos\CommunicationHub\CommunicationHub.API\DTOs\ClaimDetailsDto.cs' conflicts with the imported type 'InvolvedPartyDto' in 'CommunicationHub.Application, Version=1.0.0.0, Culture=neutral, PublicKeyToken=null'. Using the type defined in 'C:\Users\Admin\source\repos\CommunicationHub\CommunicationHub.API\DTOs\ClaimDetailsDto.cs'. [C:\Users\Admin\source\repos\CommunicationHub\CommunicationHub.API\CommunicationHub.API.csproj]
C:\Program Files\dotnet\sdk\10.0.201\Microsoft.Common.CurrentVersion.targets(5094,5): warning MSB3026: Could not copy "C:\Users\Admin\source\repos\CommunicationHub\CommunicationHub.Application\bin\Debug\net10.0\CommunicationHub.Application.dll" to "bin\Debug\net10.0\CommunicationHub.Application.dll". Beginning retry 1 in 1000ms. The process cannot access the file 'C:\Users\Admin\source\repos\CommunicationHub\CommunicationHub.API\bin\Debug\net10.0\CommunicationHub.Application.dll' because it is being used by another process. The file is locked by: "CommunicationHub.API (34596)" [C:\Users\Admin\source\repos\CommunicationHub\CommunicationHub.API\CommunicationHub.API.csproj]
C:\Program Files\dotnet\sdk\10.0.201\Microsoft.Common.CurrentVersion.targets(5094,5): warning MSB3026: Could not copy "C:\Users\Admin\source\repos\CommunicationHub\CommunicationHub.Infrastructure\bin\Debug\net10.0\CommunicationHub.Infrastructure.dll" to "bin\Debug\net10.0\CommunicationHub.Infrastructure.dll". Beginning retry 1 in 1000ms. The process cannot access the file 'C:\Users\Admin\source\repos\CommunicationHub\CommunicationHub.API\bin\Debug\net10.0\CommunicationHub.Infrastructure.dll' because it is being used by another process. The file is locked by: "CommunicationHub.API (34596)" [C:\Users\Admin\source\repos\CommunicationHub\CommunicationHub.API\CommunicationHub.API.csproj]
C:\Program Files\dotnet\sdk\10.0.201\Microsoft.Common.CurrentVersion.targets(5094,5): warning MSB3026: Could not copy "C:\Users\Admin\source\repos\CommunicationHub\CommunicationHub.Domain\bin\Debug\net10.0\CommunicationHub.Domain.dll" to "bin\Debug\net10.0\CommunicationHub.Domain.dll". Beginning retry 1 in 1000ms. The process cannot access the file 'C:\Users\Admin\source\repos\CommunicationHub\CommunicationHub.API\bin\Debug\net10.0\CommunicationHub.Domain.dll' because it is being used by another process. The file is locked by: "CommunicationHub.API (34596)" [C:\Users\Admin\source\repos\CommunicationHub\CommunicationHub.API\CommunicationHub.API.csproj]
C:\Program Files\dotnet\sdk\10.0.201\Microsoft.Common.CurrentVersion.targets(5094,5): warning MSB3026: Could not copy "C:\Users\Admin\source\repos\CommunicationHub\CommunicationHub.Application\bin\Debug\net10.0\CommunicationHub.Application.dll" to "bin\Debug\net10.0\CommunicationHub.Application.dll". Beginning retry 2 in 1000ms. The process cannot access the file 'C:\Users\Admin\source\repos\CommunicationHub\CommunicationHub.API\bin\Debug\net10.0\CommunicationHub.Application.dll' because it is being used by another process. The file is locked by: "CommunicationHub.API (34596)" [C:\Users\Admin\source\repos\CommunicationHub\CommunicationHub.API\CommunicationHub.API.csproj]
C:\Program Files\dotnet\sdk\10.0.201\Microsoft.Common.CurrentVersion.targets(5094,5): warning MSB3026: Could not copy "C:\Users\Admin\source\repos\CommunicationHub\CommunicationHub.Infrastructure\bin\Debug\net10.0\CommunicationHub.Infrastructure.dll" to "bin\Debug\net10.0\CommunicationHub.Infrastructure.dll". Beginning retry 2 in 1000ms. The process cannot access the file 'C:\Users\Admin\source\repos\CommunicationHub\CommunicationHub.API\bin\Debug\net10.0\CommunicationHub.Infrastructure.dll' because it is being used by another process. The file is locked by: "CommunicationHub.API (34596)" [C:\Users\Admin\source\repos\CommunicationHub\CommunicationHub.API\CommunicationHub.API.csproj]
C:\Program Files\dotnet\sdk\10.0.201\Microsoft.Common.CurrentVersion.targets(5094,5): warning MSB3026: Could not copy "C:\Users\Admin\source\repos\CommunicationHub\CommunicationHub.Domain\bin\Debug\net10.0\CommunicationHub.Domain.dll" to "bin\Debug\net10.0\CommunicationHub.Domain.dll". Beginning retry 2 in 1000ms. The process cannot access the file 'C:\Users\Admin\source\repos\CommunicationHub\CommunicationHub.API\bin\Debug\net10.0\CommunicationHub.Domain.dll' because it is being used by another process. The file is locked by: "CommunicationHub.API (34596)" [C:\Users\Admin\source\repos\CommunicationHub\CommunicationHub.API\CommunicationHub.API.csproj]
C:\Program Files\dotnet\sdk\10.0.201\Microsoft.Common.CurrentVersion.targets(5094,5): warning MSB3026: Could not copy "C:\Users\Admin\source\repos\CommunicationHub\CommunicationHub.Application\bin\Debug\net10.0\CommunicationHub.Application.dll" to "bin\Debug\net10.0\CommunicationHub.Application.dll". Beginning retry 3 in 1000ms. The process cannot access the file 'C:\Users\Admin\source\repos\CommunicationHub\CommunicationHub.API\bin\Debug\net10.0\CommunicationHub.Application.dll' because it is being used by another process. The file is locked by: "CommunicationHub.API (34596)" [C:\Users\Admin\source\repos\CommunicationHub\CommunicationHub.API\CommunicationHub.API.csproj]
C:\Program Files\dotnet\sdk\10.0.201\Microsoft.Common.CurrentVersion.targets(5094,5): warning MSB3026: Could not copy "C:\Users\Admin\source\repos\CommunicationHub\CommunicationHub.Infrastructure\bin\Debug\net10.0\CommunicationHub.Infrastructure.dll" to "bin\Debug\net10.0\CommunicationHub.Infrastructure.dll". Beginning retry 3 in 1000ms. The process cannot access the file 'C:\Users\Admin\source\repos\CommunicationHub\CommunicationHub.API\bin\Debug\net10.0\CommunicationHub.Infrastructure.dll' because it is being used by another process. The file is locked by: "CommunicationHub.API (34596)" [C:\Users\Admin\source\repos\CommunicationHub\CommunicationHub.API\CommunicationHub.API.csproj]
C:\Program Files\dotnet\sdk\10.0.201\Microsoft.Common.CurrentVersion.targets(5094,5): warning MSB3026: Could not copy "C:\Users\Admin\source\repos\CommunicationHub\CommunicationHub.Domain\bin\Debug\net10.0\CommunicationHub.Domain.dll" to "bin\Debug\net10.0\CommunicationHub.Domain.dll". Beginning retry 3 in 1000ms. The process cannot access the file 'C:\Users\Admin\source\repos\CommunicationHub\CommunicationHub.API\bin\Debug\net10.0\CommunicationHub.Domain.dll' because it is being used by another process. The file is locked by: "CommunicationHub.API (34596)" [C:\Users\Admin\source\repos\CommunicationHub\CommunicationHub.API\CommunicationHub.API.csproj]
C:\Program Files\dotnet\sdk\10.0.201\Microsoft.Common.CurrentVersion.targets(5094,5): warning MSB3026: Could not copy "C:\Users\Admin\source\repos\CommunicationHub\CommunicationHub.Application\bin\Debug\net10.0\CommunicationHub.Application.dll" to "bin\Debug\net10.0\CommunicationHub.Application.dll". Beginning retry 4 in 1000ms. The process cannot access the file 'C:\Users\Admin\source\repos\CommunicationHub\CommunicationHub.API\bin\Debug\net10.0\CommunicationHub.Application.dll' because it is being used by another process. The file is locked by: "CommunicationHub.API (34596)" [C:\Users\Admin\source\repos\CommunicationHub\CommunicationHub.API\CommunicationHub.API.csproj]
C:\Program Files\dotnet\sdk\10.0.201\Microsoft.Common.CurrentVersion.targets(5094,5): warning MSB3026: Could not copy "C:\Users\Admin\source\repos\CommunicationHub\CommunicationHub.Infrastructure\bin\Debug\net10.0\CommunicationHub.Infrastructure.dll" to "bin\Debug\net10.0\CommunicationHub.Infrastructure.dll". Beginning retry 4 in 1000ms. The process cannot access the file 'C:\Users\Admin\source\repos\CommunicationHub\CommunicationHub.API\bin\Debug\net10.0\CommunicationHub.Infrastructure.dll' because it is being used by another process. The file is locked by: "CommunicationHub.API (34596)" [C:\Users\Admin\source\repos\CommunicationHub\CommunicationHub.API\CommunicationHub.API.csproj]
C:\Program Files\dotnet\sdk\10.0.201\Microsoft.Common.CurrentVersion.targets(5094,5): warning MSB3026: Could not copy "C:\Users\Admin\source\repos\CommunicationHub\CommunicationHub.Domain\bin\Debug\net10.0\CommunicationHub.Domain.dll" to "bin\Debug\net10.0\CommunicationHub.Domain.dll". Beginning retry 4 in 1000ms. The process cannot access the file 'C:\Users\Admin\source\repos\CommunicationHub\CommunicationHub.API\bin\Debug\net10.0\CommunicationHub.Domain.dll' because it is being used by another process. The file is locked by: "CommunicationHub.API (34596)" [C:\Users\Admin\source\repos\CommunicationHub\CommunicationHub.API\CommunicationHub.API.csproj]
C:\Program Files\dotnet\sdk\10.0.201\Microsoft.Common.CurrentVersion.targets(5094,5): warning MSB3026: Could not copy "C:\Users\Admin\source\repos\CommunicationHub\CommunicationHub.Application\bin\Debug\net10.0\CommunicationHub.Application.dll" to "bin\Debug\net10.0\CommunicationHub.Application.dll". Beginning retry 5 in 1000ms. The process cannot access the file 'C:\Users\Admin\source\repos\CommunicationHub\CommunicationHub.API\bin\Debug\net10.0\CommunicationHub.Application.dll' because it is being used by another process. The file is locked by: "CommunicationHub.API (34596)" [C:\Users\Admin\source\repos\CommunicationHub\CommunicationHub.API\CommunicationHub.API.csproj]
C:\Program Files\dotnet\sdk\10.0.201\Microsoft.Common.CurrentVersion.targets(5094,5): warning MSB3026: Could not copy "C:\Users\Admin\source\repos\CommunicationHub\CommunicationHub.Infrastructure\bin\Debug\net10.0\CommunicationHub.Infrastructure.dll" to "bin\Debug\net10.0\CommunicationHub.Infrastructure.dll". Beginning retry 5 in 1000ms. The process cannot access the file 'C:\Users\Admin\source\repos\CommunicationHub\CommunicationHub.API\bin\Debug\net10.0\CommunicationHub.Infrastructure.dll' because it is being used by another process. The file is locked by: "CommunicationHub.API (34596)" [C:\Users\Admin\source\repos\CommunicationHub\CommunicationHub.API\CommunicationHub.API.csproj]
C:\Program Files\dotnet\sdk\10.0.201\Microsoft.Common.CurrentVersion.targets(5094,5): warning MSB3026: Could not copy "C:\Users\Admin\source\repos\CommunicationHub\CommunicationHub.Domain\bin\Debug\net10.0\CommunicationHub.Domain.dll" to "bin\Debug\net10.0\CommunicationHub.Domain.dll". Beginning retry 5 in 1000ms. The process cannot access the file 'C:\Users\Admin\source\repos\CommunicationHub\CommunicationHub.API\bin\Debug\net10.0\CommunicationHub.Domain.dll' because it is being used by another process. The file is locked by: "CommunicationHub.API (34596)" [C:\Users\Admin\source\repos\CommunicationHub\CommunicationHub.API\CommunicationHub.API.csproj]
C:\Program Files\dotnet\sdk\10.0.201\Microsoft.Common.CurrentVersion.targets(5094,5): warning MSB3026: Could not copy "C:\Users\Admin\source\repos\CommunicationHub\CommunicationHub.Application\bin\Debug\net10.0\CommunicationHub.Application.dll" to "bin\Debug\net10.0\CommunicationHub.Application.dll". Beginning retry 6 in 1000ms. The process cannot access the file 'C:\Users\Admin\source\repos\CommunicationHub\CommunicationHub.API\bin\Debug\net10.0\CommunicationHub.Application.dll' because it is being used by another process. The file is locked by: "CommunicationHub.API (34596)" [C:\Users\Admin\source\repos\CommunicationHub\CommunicationHub.API\CommunicationHub.API.csproj]
C:\Program Files\dotnet\sdk\10.0.201\Microsoft.Common.CurrentVersion.targets(5094,5): warning MSB3026: Could not copy "C:\Users\Admin\source\repos\CommunicationHub\CommunicationHub.Infrastructure\bin\Debug\net10.0\CommunicationHub.Infrastructure.dll" to "bin\Debug\net10.0\CommunicationHub.Infrastructure.dll". Beginning retry 6 in 1000ms. The process cannot access the file 'C:\Users\Admin\source\repos\CommunicationHub\CommunicationHub.API\bin\Debug\net10.0\CommunicationHub.Infrastructure.dll' because it is being used by another process. The file is locked by: "CommunicationHub.API (34596)" [C:\Users\Admin\source\repos\CommunicationHub\CommunicationHub.API\CommunicationHub.API.csproj]
C:\Program Files\dotnet\sdk\10.0.201\Microsoft.Common.CurrentVersion.targets(5094,5): warning MSB3026: Could not copy "C:\Users\Admin\source\repos\CommunicationHub\CommunicationHub.Domain\bin\Debug\net10.0\CommunicationHub.Domain.dll" to "bin\Debug\net10.0\CommunicationHub.Domain.dll". Beginning retry 6 in 1000ms. The process cannot access the file 'C:\Users\Admin\source\repos\CommunicationHub\CommunicationHub.API\bin\Debug\net10.0\CommunicationHub.Domain.dll' because it is being used by another process. The file is locked by: "CommunicationHub.API (34596)" [C:\Users\Admin\source\repos\CommunicationHub\CommunicationHub.API\CommunicationHub.API.csproj]
C:\Program Files\dotnet\sdk\10.0.201\Microsoft.Common.CurrentVersion.targets(5094,5): warning MSB3026: Could not copy "C:\Users\Admin\source\repos\CommunicationHub\CommunicationHub.Application\bin\Debug\net10.0\CommunicationHub.Application.dll" to "bin\Debug\net10.0\CommunicationHub.Application.dll". Beginning retry 7 in 1000ms. The process cannot access the file 'C:\Users\Admin\source\repos\CommunicationHub\CommunicationHub.API\bin\Debug\net10.0\CommunicationHub.Application.dll' because it is being used by another process. The file is locked by: "CommunicationHub.API (34596)" [C:\Users\Admin\source\repos\CommunicationHub\CommunicationHub.API\CommunicationHub.API.csproj]
C:\Program Files\dotnet\sdk\10.0.201\Microsoft.Common.CurrentVersion.targets(5094,5): warning MSB3026: Could not copy "C:\Users\Admin\source\repos\CommunicationHub\CommunicationHub.Infrastructure\bin\Debug\net10.0\CommunicationHub.Infrastructure.dll" to "bin\Debug\net10.0\CommunicationHub.Infrastructure.dll". Beginning retry 7 in 1000ms. The process cannot access the file 'C:\Users\Admin\source\repos\CommunicationHub\CommunicationHub.API\bin\Debug\net10.0\CommunicationHub.Infrastructure.dll' because it is being used by another process. The file is locked by: "CommunicationHub.API (34596)" [C:\Users\Admin\source\repos\CommunicationHub\CommunicationHub.API\CommunicationHub.API.csproj]
C:\Program Files\dotnet\sdk\10.0.201\Microsoft.Common.CurrentVersion.targets(5094,5): warning MSB3026: Could not copy "C:\Users\Admin\source\repos\CommunicationHub\CommunicationHub.Domain\bin\Debug\net10.0\CommunicationHub.Domain.dll" to "bin\Debug\net10.0\CommunicationHub.Domain.dll". Beginning retry 7 in 1000ms. The process cannot access the file 'C:\Users\Admin\source\repos\CommunicationHub\CommunicationHub.API\bin\Debug\net10.0\CommunicationHub.Domain.dll' because it is being used by another process. The file is locked by: "CommunicationHub.API (34596)" [C:\Users\Admin\source\repos\CommunicationHub\CommunicationHub.API\CommunicationHub.API.csproj]
C:\Program Files\dotnet\sdk\10.0.201\Microsoft.Common.CurrentVersion.targets(5094,5): warning MSB3026: Could not copy "C:\Users\Admin\source\repos\CommunicationHub\CommunicationHub.Application\bin\Debug\net10.0\CommunicationHub.Application.dll" to "bin\Debug\net10.0\CommunicationHub.Application.dll". Beginning retry 8 in 1000ms. The process cannot access the file 'C:\Users\Admin\source\repos\CommunicationHub\CommunicationHub.API\bin\Debug\net10.0\CommunicationHub.Application.dll' because it is being used by another process. The file is locked by: "CommunicationHub.API (34596)" [C:\Users\Admin\source\repos\CommunicationHub\CommunicationHub.API\CommunicationHub.API.csproj]
C:\Program Files\dotnet\sdk\10.0.201\Microsoft.Common.CurrentVersion.targets(5094,5): warning MSB3026: Could not copy "C:\Users\Admin\source\repos\CommunicationHub\CommunicationHub.Domain\bin\Debug\net10.0\CommunicationHub.Domain.dll" to "bin\Debug\net10.0\CommunicationHub.Domain.dll". Beginning retry 8 in 1000ms. The process cannot access the file 'C:\Users\Admin\source\repos\CommunicationHub\CommunicationHub.API\bin\Debug\net10.0\CommunicationHub.Domain.dll' because it is being used by another process. The file is locked by: "CommunicationHub.API (34596)" [C:\Users\Admin\source\repos\CommunicationHub\CommunicationHub.API\CommunicationHub.API.csproj]
C:\Program Files\dotnet\sdk\10.0.201\Microsoft.Common.CurrentVersion.targets(5094,5): warning MSB3026: Could not copy "C:\Users\Admin\source\repos\CommunicationHub\CommunicationHub.Infrastructure\bin\Debug\net10.0\CommunicationHub.Infrastructure.dll" to "bin\Debug\net10.0\CommunicationHub.Infrastructure.dll". Beginning retry 8 in 1000ms. The process cannot access the file 'C:\Users\Admin\source\repos\CommunicationHub\CommunicationHub.API\bin\Debug\net10.0\CommunicationHub.Infrastructure.dll' because it is being used by another process. The file is locked by: "CommunicationHub.API (34596)" [C:\Users\Admin\source\repos\CommunicationHub\CommunicationHub.API\CommunicationHub.API.csproj]
C:\Program Files\dotnet\sdk\10.0.201\Microsoft.Common.CurrentVersion.targets(5094,5): warning MSB3026: Could not copy "C:\Users\Admin\source\repos\CommunicationHub\CommunicationHub.Application\bin\Debug\net10.0\CommunicationHub.Application.dll" to "bin\Debug\net10.0\CommunicationHub.Application.dll". Beginning retry 9 in 1000ms. The process cannot access the file 'C:\Users\Admin\source\repos\CommunicationHub\CommunicationHub.API\bin\Debug\net10.0\CommunicationHub.Application.dll' because it is being used by another process. The file is locked by: "CommunicationHub.API (34596)" [C:\Users\Admin\source\repos\CommunicationHub\CommunicationHub.API\CommunicationHub.API.csproj]
C:\Program Files\dotnet\sdk\10.0.201\Microsoft.Common.CurrentVersion.targets(5094,5): warning MSB3026: Could not copy "C:\Users\Admin\source\repos\CommunicationHub\CommunicationHub.Infrastructure\bin\Debug\net10.0\CommunicationHub.Infrastructure.dll" to "bin\Debug\net10.0\CommunicationHub.Infrastructure.dll". Beginning retry 9 in 1000ms. The process cannot access the file 'C:\Users\Admin\source\repos\CommunicationHub\CommunicationHub.API\bin\Debug\net10.0\CommunicationHub.Infrastructure.dll' because it is being used by another process. The file is locked by: "CommunicationHub.API (34596)" [C:\Users\Admin\source\repos\CommunicationHub\CommunicationHub.API\CommunicationHub.API.csproj]
C:\Program Files\dotnet\sdk\10.0.201\Microsoft.Common.CurrentVersion.targets(5094,5): warning MSB3026: Could not copy "C:\Users\Admin\source\repos\CommunicationHub\CommunicationHub.Domain\bin\Debug\net10.0\CommunicationHub.Domain.dll" to "bin\Debug\net10.0\CommunicationHub.Domain.dll". Beginning retry 9 in 1000ms. The process cannot access the file 'C:\Users\Admin\source\repos\CommunicationHub\CommunicationHub.API\bin\Debug\net10.0\CommunicationHub.Domain.dll' because it is being used by another process. The file is locked by: "CommunicationHub.API (34596)" [C:\Users\Admin\source\repos\CommunicationHub\CommunicationHub.API\CommunicationHub.API.csproj]
C:\Program Files\dotnet\sdk\10.0.201\Microsoft.Common.CurrentVersion.targets(5094,5): warning MSB3026: Could not copy "C:\Users\Admin\source\repos\CommunicationHub\CommunicationHub.Application\bin\Debug\net10.0\CommunicationHub.Application.dll" to "bin\Debug\net10.0\CommunicationHub.Application.dll". Beginning retry 10 in 1000ms. The process cannot access the file 'C:\Users\Admin\source\repos\CommunicationHub\CommunicationHub.API\bin\Debug\net10.0\CommunicationHub.Application.dll' because it is being used by another process. The file is locked by: "CommunicationHub.API (34596)" [C:\Users\Admin\source\repos\CommunicationHub\CommunicationHub.API\CommunicationHub.API.csproj]
C:\Program Files\dotnet\sdk\10.0.201\Microsoft.Common.CurrentVersion.targets(5094,5): warning MSB3026: Could not copy "C:\Users\Admin\source\repos\CommunicationHub\CommunicationHub.Infrastructure\bin\Debug\net10.0\CommunicationHub.Infrastructure.dll" to "bin\Debug\net10.0\CommunicationHub.Infrastructure.dll". Beginning retry 10 in 1000ms. The process cannot access the file 'C:\Users\Admin\source\repos\CommunicationHub\CommunicationHub.API\bin\Debug\net10.0\CommunicationHub.Infrastructure.dll' because it is being used by another process. The file is locked by: "CommunicationHub.API (34596)" [C:\Users\Admin\source\repos\CommunicationHub\CommunicationHub.API\CommunicationHub.API.csproj]
C:\Program Files\dotnet\sdk\10.0.201\Microsoft.Common.CurrentVersion.targets(5094,5): warning MSB3026: Could not copy "C:\Users\Admin\source\repos\CommunicationHub\CommunicationHub.Domain\bin\Debug\net10.0\CommunicationHub.Domain.dll" to "bin\Debug\net10.0\CommunicationHub.Domain.dll". Beginning retry 10 in 1000ms. The process cannot access the file 'C:\Users\Admin\source\repos\CommunicationHub\CommunicationHub.API\bin\Debug\net10.0\CommunicationHub.Domain.dll' because it is being used by another process. The file is locked by: "CommunicationHub.API (34596)" [C:\Users\Admin\source\repos\CommunicationHub\CommunicationHub.API\CommunicationHub.API.csproj]
C:\Program Files\dotnet\sdk\10.0.201\Microsoft.Common.CurrentVersion.targets(5094,5): error MSB3027: Could not copy "C:\Users\Admin\source\repos\CommunicationHub\CommunicationHub.Application\bin\Debug\net10.0\CommunicationHub.Application.dll" to "bin\Debug\net10.0\CommunicationHub.Application.dll". Exceeded retry count of 10. Failed. The file is locked by: "CommunicationHub.API (34596)" [C:\Users\Admin\source\repos\CommunicationHub\CommunicationHub.API\CommunicationHub.API.csproj]
C:\Program Files\dotnet\sdk\10.0.201\Microsoft.Common.CurrentVersion.targets(5094,5): error MSB3021: Unable to copy file "C:\Users\Admin\source\repos\CommunicationHub\CommunicationHub.Application\bin\Debug\net10.0\CommunicationHub.Application.dll" to "bin\Debug\net10.0\CommunicationHub.Application.dll". The process cannot access the file 'C:\Users\Admin\source\repos\CommunicationHub\CommunicationHub.API\bin\Debug\net10.0\CommunicationHub.Application.dll' because it is being used by another process. [C:\Users\Admin\source\repos\CommunicationHub\CommunicationHub.API\CommunicationHub.API.csproj]
C:\Program Files\dotnet\sdk\10.0.201\Microsoft.Common.CurrentVersion.targets(5094,5): error MSB3027: Could not copy "C:\Users\Admin\source\repos\CommunicationHub\CommunicationHub.Infrastructure\bin\Debug\net10.0\CommunicationHub.Infrastructure.dll" to "bin\Debug\net10.0\CommunicationHub.Infrastructure.dll". Exceeded retry count of 10. Failed. The file is locked by: "CommunicationHub.API (34596)" [C:\Users\Admin\source\repos\CommunicationHub\CommunicationHub.API\CommunicationHub.API.csproj]
C:\Program Files\dotnet\sdk\10.0.201\Microsoft.Common.CurrentVersion.targets(5094,5): error MSB3021: Unable to copy file "C:\Users\Admin\source\repos\CommunicationHub\CommunicationHub.Infrastructure\bin\Debug\net10.0\CommunicationHub.Infrastructure.dll" to "bin\Debug\net10.0\CommunicationHub.Infrastructure.dll". The process cannot access the file 'C:\Users\Admin\source\repos\CommunicationHub\CommunicationHub.API\bin\Debug\net10.0\CommunicationHub.Infrastructure.dll' because it is being used by another process. [C:\Users\Admin\source\repos\CommunicationHub\CommunicationHub.API\CommunicationHub.API.csproj]
C:\Program Files\dotnet\sdk\10.0.201\Microsoft.Common.CurrentVersion.targets(5094,5): error MSB3027: Could not copy "C:\Users\Admin\source\repos\CommunicationHub\CommunicationHub.Domain\bin\Debug\net10.0\CommunicationHub.Domain.dll" to "bin\Debug\net10.0\CommunicationHub.Domain.dll". Exceeded retry count of 10. Failed. The file is locked by: "CommunicationHub.API (34596)" [C:\Users\Admin\source\repos\CommunicationHub\CommunicationHub.API\CommunicationHub.API.csproj]
C:\Program Files\dotnet\sdk\10.0.201\Microsoft.Common.CurrentVersion.targets(5094,5): error MSB3021: Unable to copy file "C:\Users\Admin\source\repos\CommunicationHub\CommunicationHub.Domain\bin\Debug\net10.0\CommunicationHub.Domain.dll" to "bin\Debug\net10.0\CommunicationHub.Domain.dll". The process cannot access the file 'C:\Users\Admin\source\repos\CommunicationHub\CommunicationHub.API\bin\Debug\net10.0\CommunicationHub.Domain.dll' because it is being used by another process. [C:\Users\Admin\source\repos\CommunicationHub\CommunicationHub.API\CommunicationHub.API.csproj]

Build FAILED.

C:\Users\Admin\source\repos\CommunicationHub\CommunicationHub.Infrastructure\CommunicationHub.Infrastructure.csproj : warning NU1902: Package 'MimeKit' 4.8.0 has a known moderate severity vulnerability, https://github.com/advisories/GHSA-g7hc-96xr-gvvx [C:\Users\Admin\source\repos\CommunicationHub\CommunicationHub.API\CommunicationHub.API.csproj]
C:\Users\Admin\source\repos\CommunicationHub\CommunicationHub.API\CommunicationHub.API.csproj : warning NU1902: Package 'MimeKit' 4.8.0 has a known moderate severity vulnerability, https://github.com/advisories/GHSA-g7hc-96xr-gvvx
C:\Program Files\dotnet\sdk\10.0.201\Microsoft.Common.CurrentVersion.targets(5951,5): warning MSB3061: Unable to delete file "C:\Users\Admin\source\repos\CommunicationHub\CommunicationHub.API\bin\Debug\net10.0\CommunicationHub.API.exe". Access to the path 'C:\Users\Admin\source\repos\CommunicationHub\CommunicationHub.API\bin\Debug\net10.0\CommunicationHub.API.exe' is denied. The file is locked by: "CommunicationHub.API (34596)" [C:\Users\Admin\source\repos\CommunicationHub\CommunicationHub.API\CommunicationHub.API.csproj]
C:\Program Files\dotnet\sdk\10.0.201\Microsoft.Common.CurrentVersion.targets(5951,5): warning MSB3061: Unable to delete file "C:\Users\Admin\source\repos\CommunicationHub\CommunicationHub.API\bin\Debug\net10.0\CommunicationHub.API.dll". Access to the path 'C:\Users\Admin\source\repos\CommunicationHub\CommunicationHub.API\bin\Debug\net10.0\CommunicationHub.API.dll' is denied. The file is locked by: "CommunicationHub.API (34596)" [C:\Users\Admin\source\repos\CommunicationHub\CommunicationHub.API\CommunicationHub.API.csproj]
C:\Program Files\dotnet\sdk\10.0.201\Microsoft.Common.CurrentVersion.targets(5951,5): warning MSB3061: Unable to delete file "C:\Users\Admin\source\repos\CommunicationHub\CommunicationHub.API\bin\Debug\net10.0\Microsoft.AspNetCore.OpenApi.dll". Access to the path 'C:\Users\Admin\source\repos\CommunicationHub\CommunicationHub.API\bin\Debug\net10.0\Microsoft.AspNetCore.OpenApi.dll' is denied. The file is locked by: "CommunicationHub.API (34596)" [C:\Users\Admin\source\repos\CommunicationHub\CommunicationHub.API\CommunicationHub.API.csproj]
C:\Program Files\dotnet\sdk\10.0.201\Microsoft.Common.CurrentVersion.targets(5951,5): warning MSB3061: Unable to delete file "C:\Users\Admin\source\repos\CommunicationHub\CommunicationHub.API\bin\Debug\net10.0\Microsoft.OpenApi.dll". Access to the path 'C:\Users\Admin\source\repos\CommunicationHub\CommunicationHub.API\bin\Debug\net10.0\Microsoft.OpenApi.dll' is denied. The file is locked by: "CommunicationHub.API (34596)" [C:\Users\Admin\source\repos\CommunicationHub\CommunicationHub.API\CommunicationHub.API.csproj]
C:\Program Files\dotnet\sdk\10.0.201\Microsoft.Common.CurrentVersion.targets(5951,5): warning MSB3061: Unable to delete file "C:\Users\Admin\source\repos\CommunicationHub\CommunicationHub.API\bin\Debug\net10.0\Microsoft.EntityFrameworkCore.dll". Access to the path 'C:\Users\Admin\source\repos\CommunicationHub\CommunicationHub.API\bin\Debug\net10.0\Microsoft.EntityFrameworkCore.dll' is denied. The file is locked by: "CommunicationHub.API (34596)" [C:\Users\Admin\source\repos\CommunicationHub\CommunicationHub.API\CommunicationHub.API.csproj]
C:\Program Files\dotnet\sdk\10.0.201\Microsoft.Common.CurrentVersion.targets(5951,5): warning MSB3061: Unable to delete file "C:\Users\Admin\source\repos\CommunicationHub\CommunicationHub.API\bin\Debug\net10.0\Microsoft.EntityFrameworkCore.Abstractions.dll". Access to the path 'C:\Users\Admin\source\repos\CommunicationHub\CommunicationHub.API\bin\Debug\net10.0\Microsoft.EntityFrameworkCore.Abstractions.dll' is denied. The file is locked by: "CommunicationHub.API (34596)" [C:\Users\Admin\source\repos\CommunicationHub\CommunicationHub.API\CommunicationHub.API.csproj]
C:\Program Files\dotnet\sdk\10.0.201\Microsoft.Common.CurrentVersion.targets(5951,5): warning MSB3061: Unable to delete file "C:\Users\Admin\source\repos\CommunicationHub\CommunicationHub.API\bin\Debug\net10.0\Microsoft.EntityFrameworkCore.Relational.dll". Access to the path 'C:\Users\Admin\source\repos\CommunicationHub\CommunicationHub.API\bin\Debug\net10.0\Microsoft.EntityFrameworkCore.Relational.dll' is denied. The file is locked by: "CommunicationHub.API (34596)" [C:\Users\Admin\source\repos\CommunicationHub\CommunicationHub.API\CommunicationHub.API.csproj]
C:\Program Files\dotnet\sdk\10.0.201\Microsoft.Common.CurrentVersion.targets(5951,5): warning MSB3061: Unable to delete file "C:\Users\Admin\source\repos\CommunicationHub\CommunicationHub.API\bin\Debug\net10.0\Microsoft.EntityFrameworkCore.SqlServer.dll". Access to the path 'C:\Users\Admin\source\repos\CommunicationHub\CommunicationHub.API\bin\Debug\net10.0\Microsoft.EntityFrameworkCore.SqlServer.dll' is denied. The file is locked by: "CommunicationHub.API (34596)" [C:\Users\Admin\source\repos\CommunicationHub\CommunicationHub.API\CommunicationHub.API.csproj]
C:\Program Files\dotnet\sdk\10.0.201\Microsoft.Common.CurrentVersion.targets(5951,5): warning MSB3061: Unable to delete file "C:\Users\Admin\source\repos\CommunicationHub\CommunicationHub.API\bin\Debug\net10.0\Microsoft.IdentityModel.Abstractions.dll". Access to the path 'C:\Users\Admin\source\repos\CommunicationHub\CommunicationHub.API\bin\Debug\net10.0\Microsoft.IdentityModel.Abstractions.dll' is denied. The file is locked by: "CommunicationHub.API (34596)" [C:\Users\Admin\source\repos\CommunicationHub\CommunicationHub.API\CommunicationHub.API.csproj]
C:\Program Files\dotnet\sdk\10.0.201\Microsoft.Common.CurrentVersion.targets(5951,5): warning MSB3061: Unable to delete file "C:\Users\Admin\source\repos\CommunicationHub\CommunicationHub.API\bin\Debug\net10.0\Microsoft.IdentityModel.JsonWebTokens.dll". Access to the path 'C:\Users\Admin\source\repos\CommunicationHub\CommunicationHub.API\bin\Debug\net10.0\Microsoft.IdentityModel.JsonWebTokens.dll' is denied. The file is locked by: "CommunicationHub.API (34596)" [C:\Users\Admin\source\repos\CommunicationHub\CommunicationHub.API\CommunicationHub.API.csproj]
C:\Program Files\dotnet\sdk\10.0.201\Microsoft.Common.CurrentVersion.targets(5951,5): warning MSB3061: Unable to delete file "C:\Users\Admin\source\repos\CommunicationHub\CommunicationHub.API\bin\Debug\net10.0\Microsoft.IdentityModel.Logging.dll". Access to the path 'C:\Users\Admin\source\repos\CommunicationHub\CommunicationHub.API\bin\Debug\net10.0\Microsoft.IdentityModel.Logging.dll' is denied. The file is locked by: "CommunicationHub.API (34596)" [C:\Users\Admin\source\repos\CommunicationHub\CommunicationHub.API\CommunicationHub.API.csproj]
C:\Program Files\dotnet\sdk\10.0.201\Microsoft.Common.CurrentVersion.targets(5951,5): warning MSB3061: Unable to delete file "C:\Users\Admin\source\repos\CommunicationHub\CommunicationHub.API\bin\Debug\net10.0\Microsoft.IdentityModel.Protocols.dll". Access to the path 'C:\Users\Admin\source\repos\CommunicationHub\CommunicationHub.API\bin\Debug\net10.0\Microsoft.IdentityModel.Protocols.dll' is denied. The file is locked by: "CommunicationHub.API (34596)" [C:\Users\Admin\source\repos\CommunicationHub\CommunicationHub.API\CommunicationHub.API.csproj]
C:\Program Files\dotnet\sdk\10.0.201\Microsoft.Common.CurrentVersion.targets(5951,5): warning MSB3061: Unable to delete file "C:\Users\Admin\source\repos\CommunicationHub\CommunicationHub.API\bin\Debug\net10.0\Microsoft.IdentityModel.Protocols.OpenIdConnect.dll". Access to the path 'C:\Users\Admin\source\repos\CommunicationHub\CommunicationHub.API\bin\Debug\net10.0\Microsoft.IdentityModel.Protocols.OpenIdConnect.dll' is denied. The file is locked by: "CommunicationHub.API (34596)" [C:\Users\Admin\source\repos\CommunicationHub\CommunicationHub.API\CommunicationHub.API.csproj]
C:\Program Files\dotnet\sdk\10.0.201\Microsoft.Common.CurrentVersion.targets(5951,5): warning MSB3061: Unable to delete file "C:\Users\Admin\source\repos\CommunicationHub\CommunicationHub.API\bin\Debug\net10.0\Microsoft.IdentityModel.Tokens.dll". Access to the path 'C:\Users\Admin\source\repos\CommunicationHub\CommunicationHub.API\bin\Debug\net10.0\Microsoft.IdentityModel.Tokens.dll' is denied. The file is locked by: "CommunicationHub.API (34596)" [C:\Users\Admin\source\repos\CommunicationHub\CommunicationHub.API\CommunicationHub.API.csproj]
C:\Program Files\dotnet\sdk\10.0.201\Microsoft.Common.CurrentVersion.targets(5951,5): warning MSB3061: Unable to delete file "C:\Users\Admin\source\repos\CommunicationHub\CommunicationHub.API\bin\Debug\net10.0\Microsoft.SqlServer.Server.dll". Access to the path 'C:\Users\Admin\source\repos\CommunicationHub\CommunicationHub.API\bin\Debug\net10.0\Microsoft.SqlServer.Server.dll' is denied. The file is locked by: "CommunicationHub.API (34596)" [C:\Users\Admin\source\repos\CommunicationHub\CommunicationHub.API\CommunicationHub.API.csproj]
C:\Program Files\dotnet\sdk\10.0.201\Microsoft.Common.CurrentVersion.targets(5951,5): warning MSB3061: Unable to delete file "C:\Users\Admin\source\repos\CommunicationHub\CommunicationHub.API\bin\Debug\net10.0\System.Configuration.ConfigurationManager.dll". Access to the path 'C:\Users\Admin\source\repos\CommunicationHub\CommunicationHub.API\bin\Debug\net10.0\System.Configuration.ConfigurationManager.dll' is denied. The file is locked by: "CommunicationHub.API (34596)" [C:\Users\Admin\source\repos\CommunicationHub\CommunicationHub.API\CommunicationHub.API.csproj]
C:\Program Files\dotnet\sdk\10.0.201\Microsoft.Common.CurrentVersion.targets(5951,5): warning MSB3061: Unable to delete file "C:\Users\Admin\source\repos\CommunicationHub\CommunicationHub.API\bin\Debug\net10.0\System.IdentityModel.Tokens.Jwt.dll". Access to the path 'C:\Users\Admin\source\repos\CommunicationHub\CommunicationHub.API\bin\Debug\net10.0\System.IdentityModel.Tokens.Jwt.dll' is denied. The file is locked by: "CommunicationHub.API (34596)" [C:\Users\Admin\source\repos\CommunicationHub\CommunicationHub.API\CommunicationHub.API.csproj]
C:\Program Files\dotnet\sdk\10.0.201\Microsoft.Common.CurrentVersion.targets(5951,5): warning MSB3061: Unable to delete file "C:\Users\Admin\source\repos\CommunicationHub\CommunicationHub.API\bin\Debug\net10.0\runtimes\win\lib\net9.0\Microsoft.Data.SqlClient.dll". Access to the path 'C:\Users\Admin\source\repos\CommunicationHub\CommunicationHub.API\bin\Debug\net10.0\runtimes\win\lib\net9.0\Microsoft.Data.SqlClient.dll' is denied. The file is locked by: "CommunicationHub.API (34596)" [C:\Users\Admin\source\repos\CommunicationHub\CommunicationHub.API\CommunicationHub.API.csproj]
C:\Program Files\dotnet\sdk\10.0.201\Microsoft.Common.CurrentVersion.targets(5951,5): warning MSB3061: Unable to delete file "C:\Users\Admin\source\repos\CommunicationHub\CommunicationHub.API\bin\Debug\net10.0\runtimes\win-x64\native\Microsoft.Data.SqlClient.SNI.dll". Access to the path 'C:\Users\Admin\source\repos\CommunicationHub\CommunicationHub.API\bin\Debug\net10.0\runtimes\win-x64\native\Microsoft.Data.SqlClient.SNI.dll' is denied. The file is locked by: "CommunicationHub.API (34596)" [C:\Users\Admin\source\repos\CommunicationHub\CommunicationHub.API\CommunicationHub.API.csproj]
C:\Program Files\dotnet\sdk\10.0.201\Microsoft.Common.CurrentVersion.targets(5951,5): warning MSB3061: Unable to delete file "C:\Users\Admin\source\repos\CommunicationHub\CommunicationHub.API\bin\Debug\net10.0\CommunicationHub.Application.dll". Access to the path 'C:\Users\Admin\source\repos\CommunicationHub\CommunicationHub.API\bin\Debug\net10.0\CommunicationHub.Application.dll' is denied. The file is locked by: "CommunicationHub.API (34596)" [C:\Users\Admin\source\repos\CommunicationHub\CommunicationHub.API\CommunicationHub.API.csproj]
C:\Program Files\dotnet\sdk\10.0.201\Microsoft.Common.CurrentVersion.targets(5951,5): warning MSB3061: Unable to delete file "C:\Users\Admin\source\repos\CommunicationHub\CommunicationHub.API\bin\Debug\net10.0\CommunicationHub.Domain.dll". Access to the path 'C:\Users\Admin\source\repos\CommunicationHub\CommunicationHub.API\bin\Debug\net10.0\CommunicationHub.Domain.dll' is denied. The file is locked by: "CommunicationHub.API (34596)" [C:\Users\Admin\source\repos\CommunicationHub\CommunicationHub.API\CommunicationHub.API.csproj]
C:\Program Files\dotnet\sdk\10.0.201\Microsoft.Common.CurrentVersion.targets(5951,5): warning MSB3061: Unable to delete file "C:\Users\Admin\source\repos\CommunicationHub\CommunicationHub.API\bin\Debug\net10.0\CommunicationHub.Infrastructure.dll". Access to the path 'C:\Users\Admin\source\repos\CommunicationHub\CommunicationHub.API\bin\Debug\net10.0\CommunicationHub.Infrastructure.dll' is denied. The file is locked by: "CommunicationHub.API (34596)" [C:\Users\Admin\source\repos\CommunicationHub\CommunicationHub.API\CommunicationHub.API.csproj]
C:\Program Files\dotnet\sdk\10.0.201\Microsoft.Common.CurrentVersion.targets(5951,5): warning MSB3061: Unable to delete file "C:\Users\Admin\source\repos\CommunicationHub\CommunicationHub.API\bin\Debug\net10.0\BCrypt.Net-Next.dll". Access to the path 'C:\Users\Admin\source\repos\CommunicationHub\CommunicationHub.API\bin\Debug\net10.0\BCrypt.Net-Next.dll' is denied. The file is locked by: "CommunicationHub.API (34596)" [C:\Users\Admin\source\repos\CommunicationHub\CommunicationHub.API\CommunicationHub.API.csproj]
C:\Program Files\dotnet\sdk\10.0.201\Microsoft.Common.CurrentVersion.targets(5951,5): warning MSB3061: Unable to delete file "C:\Users\Admin\source\repos\CommunicationHub\CommunicationHub.API\bin\Debug\net10.0\Microsoft.AspNetCore.Authentication.JwtBearer.dll". Access to the path 'C:\Users\Admin\source\repos\CommunicationHub\CommunicationHub.API\bin\Debug\net10.0\Microsoft.AspNetCore.Authentication.JwtBearer.dll' is denied. The file is locked by: "CommunicationHub.API (34596)" [C:\Users\Admin\source\repos\CommunicationHub\CommunicationHub.API\CommunicationHub.API.csproj]
C:\Program Files\dotnet\sdk\10.0.201\Microsoft.Common.CurrentVersion.targets(5951,5): warning MSB3061: Unable to delete file "C:\Users\Admin\source\repos\CommunicationHub\CommunicationHub.API\bin\Debug\net10.0\Twilio.dll". Access to the path 'C:\Users\Admin\source\repos\CommunicationHub\CommunicationHub.API\bin\Debug\net10.0\Twilio.dll' is denied. The file is locked by: "CommunicationHub.API (34596)" [C:\Users\Admin\source\repos\CommunicationHub\CommunicationHub.API\CommunicationHub.API.csproj]
C:\Program Files\dotnet\sdk\10.0.201\Microsoft.Common.CurrentVersion.targets(5951,5): warning MSB3061: Unable to delete file "C:\Users\Admin\source\repos\CommunicationHub\CommunicationHub.API\bin\Debug\net10.0\MailKit.dll". Access to the path 'C:\Users\Admin\source\repos\CommunicationHub\CommunicationHub.API\bin\Debug\net10.0\MailKit.dll' is denied. The file is locked by: "CommunicationHub.API (34596)" [C:\Users\Admin\source\repos\CommunicationHub\CommunicationHub.API\CommunicationHub.API.csproj]
C:\Program Files\dotnet\sdk\10.0.201\Microsoft.Common.CurrentVersion.targets(5951,5): warning MSB3061: Unable to delete file "C:\Users\Admin\source\repos\CommunicationHub\CommunicationHub.API\bin\Debug\net10.0\MimeKit.dll". Access to the path 'C:\Users\Admin\source\repos\CommunicationHub\CommunicationHub.API\bin\Debug\net10.0\MimeKit.dll' is denied. The file is locked by: "CommunicationHub.API (34596)" [C:\Users\Admin\source\repos\CommunicationHub\CommunicationHub.API\CommunicationHub.API.csproj]
C:\Users\Admin\source\repos\CommunicationHub\CommunicationHub.API\CommunicationHub.API.csproj : warning NU1902: Package 'MimeKit' 4.8.0 has a known moderate severity vulnerability, https://github.com/advisories/GHSA-g7hc-96xr-gvvx
C:\Users\Admin\source\repos\CommunicationHub\CommunicationHub.Infrastructure\Data\CommunicationHubDbContext.cs(34,10): warning CS1030: #warning: 'To protect potentially sensitive information in your connection string, you should move it out of source code. You can avoid scaffolding the connection string by using the Name= syntax to read it from configuration - see https://go.microsoft.com/fwlink/?linkid=2131148. For more guidance on storing connection strings, see https://go.microsoft.com/fwlink/?LinkId=723263.' [C:\Users\Admin\source\repos\CommunicationHub\CommunicationHub.Infrastructure\CommunicationHub.Infrastructure.csproj]
C:\Users\Admin\source\repos\CommunicationHub\CommunicationHub.Infrastructure\Services\CommunicationService.cs(168,17): warning CS8604: Possible null reference argument for parameter 'to' in 'Task<(bool Sent, Guid CommunicationId)> IEmailService.SendEmailAsync(int claimId, int partyId, string to, string subject, string body, int adjusterId, CancellationToken cancellationToken = default(CancellationToken))'. [C:\Users\Admin\source\repos\CommunicationHub\CommunicationHub.Infrastructure\CommunicationHub.Infrastructure.csproj]
C:\Users\Admin\source\repos\CommunicationHub\CommunicationHub.Infrastructure\Services\CommunicationService.cs(170,17): warning CS8604: Possible null reference argument for parameter 'body' in 'Task<(bool Sent, Guid CommunicationId)> IEmailService.SendEmailAsync(int claimId, int partyId, string to, string subject, string body, int adjusterId, CancellationToken cancellationToken = default(CancellationToken))'. [C:\Users\Admin\source\repos\CommunicationHub\CommunicationHub.Infrastructure\CommunicationHub.Infrastructure.csproj]
C:\Users\Admin\source\repos\CommunicationHub\CommunicationHub.Infrastructure\Services\CommunicationService.cs(184,57): warning CS8604: Possible null reference argument for parameter 'to' in 'Task<bool> ISmsService.SendSmsAsync(string to, string message)'. [C:\Users\Admin\source\repos\CommunicationHub\CommunicationHub.Infrastructure\CommunicationHub.Infrastructure.csproj]
C:\Users\Admin\source\repos\CommunicationHub\CommunicationHub.Infrastructure\Services\CommunicationService.cs(184,69): warning CS8604: Possible null reference argument for parameter 'message' in 'Task<bool> ISmsService.SendSmsAsync(string to, string message)'. [C:\Users\Admin\source\repos\CommunicationHub\CommunicationHub.Infrastructure\CommunicationHub.Infrastructure.csproj]
C:\Users\Admin\source\repos\CommunicationHub\CommunicationHub.API\Controllers\ClaimsController.cs(29,36): warning CS0436: The type 'ClaimDetailsDto' in 'C:\Users\Admin\source\repos\CommunicationHub\CommunicationHub.API\DTOs\ClaimDetailsDto.cs' conflicts with the imported type 'ClaimDetailsDto' in 'CommunicationHub.Application, Version=1.0.0.0, Culture=neutral, PublicKeyToken=null'. Using the type defined in 'C:\Users\Admin\source\repos\CommunicationHub\CommunicationHub.API\DTOs\ClaimDetailsDto.cs'. [C:\Users\Admin\source\repos\CommunicationHub\CommunicationHub.API\CommunicationHub.API.csproj]
C:\Users\Admin\source\repos\CommunicationHub\CommunicationHub.API\DTOs\ClaimDetailsDto.cs(14,17): warning CS0436: The type 'InvolvedPartyDto' in 'C:\Users\Admin\source\repos\CommunicationHub\CommunicationHub.API\DTOs\ClaimDetailsDto.cs' conflicts with the imported type 'InvolvedPartyDto' in 'CommunicationHub.Application, Version=1.0.0.0, Culture=neutral, PublicKeyToken=null'. Using the type defined in 'C:\Users\Admin\source\repos\CommunicationHub\CommunicationHub.API\DTOs\ClaimDetailsDto.cs'. [C:\Users\Admin\source\repos\CommunicationHub\CommunicationHub.API\CommunicationHub.API.csproj]
C:\Users\Admin\source\repos\CommunicationHub\CommunicationHub.API\Controllers\ClaimsController.cs(50,41): warning CS0436: The type 'InvolvedPartyDto' in 'C:\Users\Admin\source\repos\CommunicationHub\CommunicationHub.API\DTOs\ClaimDetailsDto.cs' conflicts with the imported type 'InvolvedPartyDto' in 'CommunicationHub.Application, Version=1.0.0.0, Culture=neutral, PublicKeyToken=null'. Using the type defined in 'C:\Users\Admin\source\repos\CommunicationHub\CommunicationHub.API\DTOs\ClaimDetailsDto.cs'. [C:\Users\Admin\source\repos\CommunicationHub\CommunicationHub.API\CommunicationHub.API.csproj]
C:\Program Files\dotnet\sdk\10.0.201\Microsoft.Common.CurrentVersion.targets(5094,5): warning MSB3026: Could not copy "C:\Users\Admin\source\repos\CommunicationHub\CommunicationHub.Application\bin\Debug\net10.0\CommunicationHub.Application.dll" to "bin\Debug\net10.0\CommunicationHub.Application.dll". Beginning retry 1 in 1000ms. The process cannot access the file 'C:\Users\Admin\source\repos\CommunicationHub\CommunicationHub.API\bin\Debug\net10.0\CommunicationHub.Application.dll' because it is being used by another process. The file is locked by: "CommunicationHub.API (34596)" [C:\Users\Admin\source\repos\CommunicationHub\CommunicationHub.API\CommunicationHub.API.csproj]
C:\Program Files\dotnet\sdk\10.0.201\Microsoft.Common.CurrentVersion.targets(5094,5): warning MSB3026: Could not copy "C:\Users\Admin\source\repos\CommunicationHub\CommunicationHub.Infrastructure\bin\Debug\net10.0\CommunicationHub.Infrastructure.dll" to "bin\Debug\net10.0\CommunicationHub.Infrastructure.dll". Beginning retry 1 in 1000ms. The process cannot access the file 'C:\Users\Admin\source\repos\CommunicationHub\CommunicationHub.API\bin\Debug\net10.0\CommunicationHub.Infrastructure.dll' because it is being used by another process. The file is locked by: "CommunicationHub.API (34596)" [C:\Users\Admin\source\repos\CommunicationHub\CommunicationHub.API\CommunicationHub.API.csproj]
C:\Program Files\dotnet\sdk\10.0.201\Microsoft.Common.CurrentVersion.targets(5094,5): warning MSB3026: Could not copy "C:\Users\Admin\source\repos\CommunicationHub\CommunicationHub.Domain\bin\Debug\net10.0\CommunicationHub.Domain.dll" to "bin\Debug\net10.0\CommunicationHub.Domain.dll". Beginning retry 1 in 1000ms. The process cannot access the file 'C:\Users\Admin\source\repos\CommunicationHub\CommunicationHub.API\bin\Debug\net10.0\CommunicationHub.Domain.dll' because it is being used by another process. The file is locked by: "CommunicationHub.API (34596)" [C:\Users\Admin\source\repos\CommunicationHub\CommunicationHub.API\CommunicationHub.API.csproj]
C:\Program Files\dotnet\sdk\10.0.201\Microsoft.Common.CurrentVersion.targets(5094,5): warning MSB3026: Could not copy "C:\Users\Admin\source\repos\CommunicationHub\CommunicationHub.Application\bin\Debug\net10.0\CommunicationHub.Application.dll" to "bin\Debug\net10.0\CommunicationHub.Application.dll". Beginning retry 2 in 1000ms. The process cannot access the file 'C:\Users\Admin\source\repos\CommunicationHub\CommunicationHub.API\bin\Debug\net10.0\CommunicationHub.Application.dll' because it is being used by another process. The file is locked by: "CommunicationHub.API (34596)" [C:\Users\Admin\source\repos\CommunicationHub\CommunicationHub.API\CommunicationHub.API.csproj]
C:\Program Files\dotnet\sdk\10.0.201\Microsoft.Common.CurrentVersion.targets(5094,5): warning MSB3026: Could not copy "C:\Users\Admin\source\repos\CommunicationHub\CommunicationHub.Infrastructure\bin\Debug\net10.0\CommunicationHub.Infrastructure.dll" to "bin\Debug\net10.0\CommunicationHub.Infrastructure.dll". Beginning retry 2 in 1000ms. The process cannot access the file 'C:\Users\Admin\source\repos\CommunicationHub\CommunicationHub.API\bin\Debug\net10.0\CommunicationHub.Infrastructure.dll' because it is being used by another process. The file is locked by: "CommunicationHub.API (34596)" [C:\Users\Admin\source\repos\CommunicationHub\CommunicationHub.API\CommunicationHub.API.csproj]
C:\Program Files\dotnet\sdk\10.0.201\Microsoft.Common.CurrentVersion.targets(5094,5): warning MSB3026: Could not copy "C:\Users\Admin\source\repos\CommunicationHub\CommunicationHub.Domain\bin\Debug\net10.0\CommunicationHub.Domain.dll" to "bin\Debug\net10.0\CommunicationHub.Domain.dll". Beginning retry 2 in 1000ms. The process cannot access the file 'C:\Users\Admin\source\repos\CommunicationHub\CommunicationHub.API\bin\Debug\net10.0\CommunicationHub.Domain.dll' because it is being used by another process. The file is locked by: "CommunicationHub.API (34596)" [C:\Users\Admin\source\repos\CommunicationHub\CommunicationHub.API\CommunicationHub.API.csproj]
C:\Program Files\dotnet\sdk\10.0.201\Microsoft.Common.CurrentVersion.targets(5094,5): warning MSB3026: Could not copy "C:\Users\Admin\source\repos\CommunicationHub\CommunicationHub.Application\bin\Debug\net10.0\CommunicationHub.Application.dll" to "bin\Debug\net10.0\CommunicationHub.Application.dll". Beginning retry 3 in 1000ms. The process cannot access the file 'C:\Users\Admin\source\repos\CommunicationHub\CommunicationHub.API\bin\Debug\net10.0\CommunicationHub.Application.dll' because it is being used by another process. The file is locked by: "CommunicationHub.API (34596)" [C:\Users\Admin\source\repos\CommunicationHub\CommunicationHub.API\CommunicationHub.API.csproj]
C:\Program Files\dotnet\sdk\10.0.201\Microsoft.Common.CurrentVersion.targets(5094,5): warning MSB3026: Could not copy "C:\Users\Admin\source\repos\CommunicationHub\CommunicationHub.Infrastructure\bin\Debug\net10.0\CommunicationHub.Infrastructure.dll" to "bin\Debug\net10.0\CommunicationHub.Infrastructure.dll". Beginning retry 3 in 1000ms. The process cannot access the file 'C:\Users\Admin\source\repos\CommunicationHub\CommunicationHub.API\bin\Debug\net10.0\CommunicationHub.Infrastructure.dll' because it is being used by another process. The file is locked by: "CommunicationHub.API (34596)" [C:\Users\Admin\source\repos\CommunicationHub\CommunicationHub.API\CommunicationHub.API.csproj]
C:\Program Files\dotnet\sdk\10.0.201\Microsoft.Common.CurrentVersion.targets(5094,5): warning MSB3026: Could not copy "C:\Users\Admin\source\repos\CommunicationHub\CommunicationHub.Domain\bin\Debug\net10.0\CommunicationHub.Domain.dll" to "bin\Debug\net10.0\CommunicationHub.Domain.dll". Beginning retry 3 in 1000ms. The process cannot access the file 'C:\Users\Admin\source\repos\CommunicationHub\CommunicationHub.API\bin\Debug\net10.0\CommunicationHub.Domain.dll' because it is being used by another process. The file is locked by: "CommunicationHub.API (34596)" [C:\Users\Admin\source\repos\CommunicationHub\CommunicationHub.API\CommunicationHub.API.csproj]
C:\Program Files\dotnet\sdk\10.0.201\Microsoft.Common.CurrentVersion.targets(5094,5): warning MSB3026: Could not copy "C:\Users\Admin\source\repos\CommunicationHub\CommunicationHub.Application\bin\Debug\net10.0\CommunicationHub.Application.dll" to "bin\Debug\net10.0\CommunicationHub.Application.dll". Beginning retry 4 in 1000ms. The process cannot access the file 'C:\Users\Admin\source\repos\CommunicationHub\CommunicationHub.API\bin\Debug\net10.0\CommunicationHub.Application.dll' because it is being used by another process. The file is locked by: "CommunicationHub.API (34596)" [C:\Users\Admin\source\repos\CommunicationHub\CommunicationHub.API\CommunicationHub.API.csproj]
C:\Program Files\dotnet\sdk\10.0.201\Microsoft.Common.CurrentVersion.targets(5094,5): warning MSB3026: Could not copy "C:\Users\Admin\source\repos\CommunicationHub\CommunicationHub.Infrastructure\bin\Debug\net10.0\CommunicationHub.Infrastructure.dll" to "bin\Debug\net10.0\CommunicationHub.Infrastructure.dll". Beginning retry 4 in 1000ms. The process cannot access the file 'C:\Users\Admin\source\repos\CommunicationHub\CommunicationHub.API\bin\Debug\net10.0\CommunicationHub.Infrastructure.dll' because it is being used by another process. The file is locked by: "CommunicationHub.API (34596)" [C:\Users\Admin\source\repos\CommunicationHub\CommunicationHub.API\CommunicationHub.API.csproj]
C:\Program Files\dotnet\sdk\10.0.201\Microsoft.Common.CurrentVersion.targets(5094,5): warning MSB3026: Could not copy "C:\Users\Admin\source\repos\CommunicationHub\CommunicationHub.Domain\bin\Debug\net10.0\CommunicationHub.Domain.dll" to "bin\Debug\net10.0\CommunicationHub.Domain.dll". Beginning retry 4 in 1000ms. The process cannot access the file 'C:\Users\Admin\source\repos\CommunicationHub\CommunicationHub.API\bin\Debug\net10.0\CommunicationHub.Domain.dll' because it is being used by another process. The file is locked by: "CommunicationHub.API (34596)" [C:\Users\Admin\source\repos\CommunicationHub\CommunicationHub.API\CommunicationHub.API.csproj]
C:\Program Files\dotnet\sdk\10.0.201\Microsoft.Common.CurrentVersion.targets(5094,5): warning MSB3026: Could not copy "C:\Users\Admin\source\repos\CommunicationHub\CommunicationHub.Application\bin\Debug\net10.0\CommunicationHub.Application.dll" to "bin\Debug\net10.0\CommunicationHub.Application.dll". Beginning retry 5 in 1000ms. The process cannot access the file 'C:\Users\Admin\source\repos\CommunicationHub\CommunicationHub.API\bin\Debug\net10.0\CommunicationHub.Application.dll' because it is being used by another process. The file is locked by: "CommunicationHub.API (34596)" [C:\Users\Admin\source\repos\CommunicationHub\CommunicationHub.API\CommunicationHub.API.csproj]
C:\Program Files\dotnet\sdk\10.0.201\Microsoft.Common.CurrentVersion.targets(5094,5): warning MSB3026: Could not copy "C:\Users\Admin\source\repos\CommunicationHub\CommunicationHub.Infrastructure\bin\Debug\net10.0\CommunicationHub.Infrastructure.dll" to "bin\Debug\net10.0\CommunicationHub.Infrastructure.dll". Beginning retry 5 in 1000ms. The process cannot access the file 'C:\Users\Admin\source\repos\CommunicationHub\CommunicationHub.API\bin\Debug\net10.0\CommunicationHub.Infrastructure.dll' because it is being used by another process. The file is locked by: "CommunicationHub.API (34596)" [C:\Users\Admin\source\repos\CommunicationHub\CommunicationHub.API\CommunicationHub.API.csproj]
C:\Program Files\dotnet\sdk\10.0.201\Microsoft.Common.CurrentVersion.targets(5094,5): warning MSB3026: Could not copy "C:\Users\Admin\source\repos\CommunicationHub\CommunicationHub.Domain\bin\Debug\net10.0\CommunicationHub.Domain.dll" to "bin\Debug\net10.0\CommunicationHub.Domain.dll". Beginning retry 5 in 1000ms. The process cannot access the file 'C:\Users\Admin\source\repos\CommunicationHub\CommunicationHub.API\bin\Debug\net10.0\CommunicationHub.Domain.dll' because it is being used by another process. The file is locked by: "CommunicationHub.API (34596)" [C:\Users\Admin\source\repos\CommunicationHub\CommunicationHub.API\CommunicationHub.API.csproj]
C:\Program Files\dotnet\sdk\10.0.201\Microsoft.Common.CurrentVersion.targets(5094,5): warning MSB3026: Could not copy "C:\Users\Admin\source\repos\CommunicationHub\CommunicationHub.Application\bin\Debug\net10.0\CommunicationHub.Application.dll" to "bin\Debug\net10.0\CommunicationHub.Application.dll". Beginning retry 6 in 1000ms. The process cannot access the file 'C:\Users\Admin\source\repos\CommunicationHub\CommunicationHub.API\bin\Debug\net10.0\CommunicationHub.Application.dll' because it is being used by another process. The file is locked by: "CommunicationHub.API (34596)" [C:\Users\Admin\source\repos\CommunicationHub\CommunicationHub.API\CommunicationHub.API.csproj]
C:\Program Files\dotnet\sdk\10.0.201\Microsoft.Common.CurrentVersion.targets(5094,5): warning MSB3026: Could not copy "C:\Users\Admin\source\repos\CommunicationHub\CommunicationHub.Infrastructure\bin\Debug\net10.0\CommunicationHub.Infrastructure.dll" to "bin\Debug\net10.0\CommunicationHub.Infrastructure.dll". Beginning retry 6 in 1000ms. The process cannot access the file 'C:\Users\Admin\source\repos\CommunicationHub\CommunicationHub.API\bin\Debug\net10.0\CommunicationHub.Infrastructure.dll' because it is being used by another process. The file is locked by: "CommunicationHub.API (34596)" [C:\Users\Admin\source\repos\CommunicationHub\CommunicationHub.API\CommunicationHub.API.csproj]
C:\Program Files\dotnet\sdk\10.0.201\Microsoft.Common.CurrentVersion.targets(5094,5): warning MSB3026: Could not copy "C:\Users\Admin\source\repos\CommunicationHub\CommunicationHub.Domain\bin\Debug\net10.0\CommunicationHub.Domain.dll" to "bin\Debug\net10.0\CommunicationHub.Domain.dll". Beginning retry 6 in 1000ms. The process cannot access the file 'C:\Users\Admin\source\repos\CommunicationHub\CommunicationHub.API\bin\Debug\net10.0\CommunicationHub.Domain.dll' because it is being used by another process. The file is locked by: "CommunicationHub.API (34596)" [C:\Users\Admin\source\repos\CommunicationHub\CommunicationHub.API\CommunicationHub.API.csproj]
C:\Program Files\dotnet\sdk\10.0.201\Microsoft.Common.CurrentVersion.targets(5094,5): warning MSB3026: Could not copy "C:\Users\Admin\source\repos\CommunicationHub\CommunicationHub.Application\bin\Debug\net10.0\CommunicationHub.Application.dll" to "bin\Debug\net10.0\CommunicationHub.Application.dll". Beginning retry 7 in 1000ms. The process cannot access the file 'C:\Users\Admin\source\repos\CommunicationHub\CommunicationHub.API\bin\Debug\net10.0\CommunicationHub.Application.dll' because it is being used by another process. The file is locked by: "CommunicationHub.API (34596)" [C:\Users\Admin\source\repos\CommunicationHub\CommunicationHub.API\CommunicationHub.API.csproj]
C:\Program Files\dotnet\sdk\10.0.201\Microsoft.Common.CurrentVersion.targets(5094,5): warning MSB3026: Could not copy "C:\Users\Admin\source\repos\CommunicationHub\CommunicationHub.Infrastructure\bin\Debug\net10.0\CommunicationHub.Infrastructure.dll" to "bin\Debug\net10.0\CommunicationHub.Infrastructure.dll". Beginning retry 7 in 1000ms. The process cannot access the file 'C:\Users\Admin\source\repos\CommunicationHub\CommunicationHub.API\bin\Debug\net10.0\CommunicationHub.Infrastructure.dll' because it is being used by another process. The file is locked by: "CommunicationHub.API (34596)" [C:\Users\Admin\source\repos\CommunicationHub\CommunicationHub.API\CommunicationHub.API.csproj]
C:\Program Files\dotnet\sdk\10.0.201\Microsoft.Common.CurrentVersion.targets(5094,5): warning MSB3026: Could not copy "C:\Users\Admin\source\repos\CommunicationHub\CommunicationHub.Domain\bin\Debug\net10.0\CommunicationHub.Domain.dll" to "bin\Debug\net10.0\CommunicationHub.Domain.dll". Beginning retry 7 in 1000ms. The process cannot access the file 'C:\Users\Admin\source\repos\CommunicationHub\CommunicationHub.API\bin\Debug\net10.0\CommunicationHub.Domain.dll' because it is being used by another process. The file is locked by: "CommunicationHub.API (34596)" [C:\Users\Admin\source\repos\CommunicationHub\CommunicationHub.API\CommunicationHub.API.csproj]
C:\Program Files\dotnet\sdk\10.0.201\Microsoft.Common.CurrentVersion.targets(5094,5): warning MSB3026: Could not copy "C:\Users\Admin\source\repos\CommunicationHub\CommunicationHub.Application\bin\Debug\net10.0\CommunicationHub.Application.dll" to "bin\Debug\net10.0\CommunicationHub.Application.dll". Beginning retry 8 in 1000ms. The process cannot access the file 'C:\Users\Admin\source\repos\CommunicationHub\CommunicationHub.API\bin\Debug\net10.0\CommunicationHub.Application.dll' because it is being used by another process. The file is locked by: "CommunicationHub.API (34596)" [C:\Users\Admin\source\repos\CommunicationHub\CommunicationHub.API\CommunicationHub.API.csproj]
C:\Program Files\dotnet\sdk\10.0.201\Microsoft.Common.CurrentVersion.targets(5094,5): warning MSB3026: Could not copy "C:\Users\Admin\source\repos\CommunicationHub\CommunicationHub.Domain\bin\Debug\net10.0\CommunicationHub.Domain.dll" to "bin\Debug\net10.0\CommunicationHub.Domain.dll". Beginning retry 8 in 1000ms. The process cannot access the file 'C:\Users\Admin\source\repos\CommunicationHub\CommunicationHub.API\bin\Debug\net10.0\CommunicationHub.Domain.dll' because it is being used by another process. The file is locked by: "CommunicationHub.API (34596)" [C:\Users\Admin\source\repos\CommunicationHub\CommunicationHub.API\CommunicationHub.API.csproj]
C:\Program Files\dotnet\sdk\10.0.201\Microsoft.Common.CurrentVersion.targets(5094,5): warning MSB3026: Could not copy "C:\Users\Admin\source\repos\CommunicationHub\CommunicationHub.Infrastructure\bin\Debug\net10.0\CommunicationHub.Infrastructure.dll" to "bin\Debug\net10.0\CommunicationHub.Infrastructure.dll". Beginning retry 8 in 1000ms. The process cannot access the file 'C:\Users\Admin\source\repos\CommunicationHub\CommunicationHub.API\bin\Debug\net10.0\CommunicationHub.Infrastructure.dll' because it is being used by another process. The file is locked by: "CommunicationHub.API (34596)" [C:\Users\Admin\source\repos\CommunicationHub\CommunicationHub.API\CommunicationHub.API.csproj]
C:\Program Files\dotnet\sdk\10.0.201\Microsoft.Common.CurrentVersion.targets(5094,5): warning MSB3026: Could not copy "C:\Users\Admin\source\repos\CommunicationHub\CommunicationHub.Application\bin\Debug\net10.0\CommunicationHub.Application.dll" to "bin\Debug\net10.0\CommunicationHub.Application.dll". Beginning retry 9 in 1000ms. The process cannot access the file 'C:\Users\Admin\source\repos\CommunicationHub\CommunicationHub.API\bin\Debug\net10.0\CommunicationHub.Application.dll' because it is being used by another process. The file is locked by: "CommunicationHub.API (34596)" [C:\Users\Admin\source\repos\CommunicationHub\CommunicationHub.API\CommunicationHub.API.csproj]
C:\Program Files\dotnet\sdk\10.0.201\Microsoft.Common.CurrentVersion.targets(5094,5): warning MSB3026: Could not copy "C:\Users\Admin\source\repos\CommunicationHub\CommunicationHub.Infrastructure\bin\Debug\net10.0\CommunicationHub.Infrastructure.dll" to "bin\Debug\net10.0\CommunicationHub.Infrastructure.dll". Beginning retry 9 in 1000ms. The process cannot access the file 'C:\Users\Admin\source\repos\CommunicationHub\CommunicationHub.API\bin\Debug\net10.0\CommunicationHub.Infrastructure.dll' because it is being used by another process. The file is locked by: "CommunicationHub.API (34596)" [C:\Users\Admin\source\repos\CommunicationHub\CommunicationHub.API\CommunicationHub.API.csproj]
C:\Program Files\dotnet\sdk\10.0.201\Microsoft.Common.CurrentVersion.targets(5094,5): warning MSB3026: Could not copy "C:\Users\Admin\source\repos\CommunicationHub\CommunicationHub.Domain\bin\Debug\net10.0\CommunicationHub.Domain.dll" to "bin\Debug\net10.0\CommunicationHub.Domain.dll". Beginning retry 9 in 1000ms. The process cannot access the file 'C:\Users\Admin\source\repos\CommunicationHub\CommunicationHub.API\bin\Debug\net10.0\CommunicationHub.Domain.dll' because it is being used by another process. The file is locked by: "CommunicationHub.API (34596)" [C:\Users\Admin\source\repos\CommunicationHub\CommunicationHub.API\CommunicationHub.API.csproj]
C:\Program Files\dotnet\sdk\10.0.201\Microsoft.Common.CurrentVersion.targets(5094,5): warning MSB3026: Could not copy "C:\Users\Admin\source\repos\CommunicationHub\CommunicationHub.Application\bin\Debug\net10.0\CommunicationHub.Application.dll" to "bin\Debug\net10.0\CommunicationHub.Application.dll". Beginning retry 10 in 1000ms. The process cannot access the file 'C:\Users\Admin\source\repos\CommunicationHub\CommunicationHub.API\bin\Debug\net10.0\CommunicationHub.Application.dll' because it is being used by another process. The file is locked by: "CommunicationHub.API (34596)" [C:\Users\Admin\source\repos\CommunicationHub\CommunicationHub.API\CommunicationHub.API.csproj]
C:\Program Files\dotnet\sdk\10.0.201\Microsoft.Common.CurrentVersion.targets(5094,5): warning MSB3026: Could not copy "C:\Users\Admin\source\repos\CommunicationHub\CommunicationHub.Infrastructure\bin\Debug\net10.0\CommunicationHub.Infrastructure.dll" to "bin\Debug\net10.0\CommunicationHub.Infrastructure.dll". Beginning retry 10 in 1000ms. The process cannot access the file 'C:\Users\Admin\source\repos\CommunicationHub\CommunicationHub.API\bin\Debug\net10.0\CommunicationHub.Infrastructure.dll' because it is being used by another process. The file is locked by: "CommunicationHub.API (34596)" [C:\Users\Admin\source\repos\CommunicationHub\CommunicationHub.API\CommunicationHub.API.csproj]
C:\Program Files\dotnet\sdk\10.0.201\Microsoft.Common.CurrentVersion.targets(5094,5): warning MSB3026: Could not copy "C:\Users\Admin\source\repos\CommunicationHub\CommunicationHub.Domain\bin\Debug\net10.0\CommunicationHub.Domain.dll" to "bin\Debug\net10.0\CommunicationHub.Domain.dll". Beginning retry 10 in 1000ms. The process cannot access the file 'C:\Users\Admin\source\repos\CommunicationHub\CommunicationHub.API\bin\Debug\net10.0\CommunicationHub.Domain.dll' because it is being used by another process. The file is locked by: "CommunicationHub.API (34596)" [C:\Users\Admin\source\repos\CommunicationHub\CommunicationHub.API\CommunicationHub.API.csproj]
C:\Program Files\dotnet\sdk\10.0.201\Microsoft.Common.CurrentVersion.targets(5094,5): error MSB3027: Could not copy "C:\Users\Admin\source\repos\CommunicationHub\CommunicationHub.Application\bin\Debug\net10.0\CommunicationHub.Application.dll" to "bin\Debug\net10.0\CommunicationHub.Application.dll". Exceeded retry count of 10. Failed. The file is locked by: "CommunicationHub.API (34596)" [C:\Users\Admin\source\repos\CommunicationHub\CommunicationHub.API\CommunicationHub.API.csproj]
C:\Program Files\dotnet\sdk\10.0.201\Microsoft.Common.CurrentVersion.targets(5094,5): error MSB3021: Unable to copy file "C:\Users\Admin\source\repos\CommunicationHub\CommunicationHub.Application\bin\Debug\net10.0\CommunicationHub.Application.dll" to "bin\Debug\net10.0\CommunicationHub.Application.dll". The process cannot access the file 'C:\Users\Admin\source\repos\CommunicationHub\CommunicationHub.API\bin\Debug\net10.0\CommunicationHub.Application.dll' because it is being used by another process. [C:\Users\Admin\source\repos\CommunicationHub\CommunicationHub.API\CommunicationHub.API.csproj]
C:\Program Files\dotnet\sdk\10.0.201\Microsoft.Common.CurrentVersion.targets(5094,5): error MSB3027: Could not copy "C:\Users\Admin\source\repos\CommunicationHub\CommunicationHub.Infrastructure\bin\Debug\net10.0\CommunicationHub.Infrastructure.dll" to "bin\Debug\net10.0\CommunicationHub.Infrastructure.dll". Exceeded retry count of 10. Failed. The file is locked by: "CommunicationHub.API (34596)" [C:\Users\Admin\source\repos\CommunicationHub\CommunicationHub.API\CommunicationHub.API.csproj]
C:\Program Files\dotnet\sdk\10.0.201\Microsoft.Common.CurrentVersion.targets(5094,5): error MSB3021: Unable to copy file "C:\Users\Admin\source\repos\CommunicationHub\CommunicationHub.Infrastructure\bin\Debug\net10.0\CommunicationHub.Infrastructure.dll" to "bin\Debug\net10.0\CommunicationHub.Infrastructure.dll". The process cannot access the file 'C:\Users\Admin\source\repos\CommunicationHub\CommunicationHub.API\bin\Debug\net10.0\CommunicationHub.Infrastructure.dll' because it is being used by another process. [C:\Users\Admin\source\repos\CommunicationHub\CommunicationHub.API\CommunicationHub.API.csproj]
C:\Program Files\dotnet\sdk\10.0.201\Microsoft.Common.CurrentVersion.targets(5094,5): error MSB3027: Could not copy "C:\Users\Admin\source\repos\CommunicationHub\CommunicationHub.Domain\bin\Debug\net10.0\CommunicationHub.Domain.dll" to "bin\Debug\net10.0\CommunicationHub.Domain.dll". Exceeded retry count of 10. Failed. The file is locked by: "CommunicationHub.API (34596)" [C:\Users\Admin\source\repos\CommunicationHub\CommunicationHub.API\CommunicationHub.API.csproj]
C:\Program Files\dotnet\sdk\10.0.201\Microsoft.Common.CurrentVersion.targets(5094,5): error MSB3021: Unable to copy file "C:\Users\Admin\source\repos\CommunicationHub\CommunicationHub.Domain\bin\Debug\net10.0\CommunicationHub.Domain.dll" to "bin\Debug\net10.0\CommunicationHub.Domain.dll". The process cannot access the file 'C:\Users\Admin\source\repos\CommunicationHub\CommunicationHub.API\bin\Debug\net10.0\CommunicationHub.Domain.dll' because it is being used by another process. [C:\Users\Admin\source\repos\CommunicationHub\CommunicationHub.API\CommunicationHub.API.csproj]
    68 Warning(s)
    6 Error(s)

Time Elapsed 00:00:21.74
